../Core/Src/main.c:86:9:calibrate_axis	32	static
../Core/Src/main.c:118:6:HAL_UARTEx_RxCpltCallback	16	static
../Core/Src/main.c:135:5:main	48	static
../Core/Src/main.c:380:6:SystemClock_Config	96	static
../Core/Src/main.c:427:13:MX_ADC1_Init	24	static
../Core/Src/main.c:474:13:MX_ADC2_Init	24	static
../Core/Src/main.c:521:13:MX_USART2_UART_Init	8	static
../Core/Src/main.c:554:13:MX_USART3_UART_Init	8	static
../Core/Src/main.c:587:13:MX_GPIO_Init	48	static
../Core/Src/main.c:657:13:MX_FSMC_Init	40	static
../Core/Src/main.c:715:6:Check_touchkey	16	static
../Core/Src/main.c:754:6:Error_Handler	4	static
