../Core/Src/main.c:83:9:calibrate_axis	32	static
../Core/Src/main.c:114:6:HAL_UARTEx_RxCpltCallback	16	static
../Core/Src/main.c:131:5:main	48	static
../Core/Src/main.c:375:6:SystemClock_Config	96	static
../Core/Src/main.c:422:13:MX_ADC1_Init	24	static
../Core/Src/main.c:469:13:MX_ADC2_Init	24	static
../Core/Src/main.c:516:13:MX_USART2_UART_Init	8	static
../Core/Src/main.c:549:13:MX_GPIO_Init	48	static
../Core/Src/main.c:619:13:MX_FSMC_Init	40	static
../Core/Src/main.c:677:6:Check_touchkey	16	static
../Core/Src/main.c:716:6:Error_Handler	4	static
