../Core/Src/stm32f1xx_hal_msp.c:63:6:HAL_MspInit	24	static
../Core/Src/stm32f1xx_hal_msp.c:90:6:HAL_ADC_MspInit	48	static
../Core/Src/stm32f1xx_hal_msp.c:142:6:HAL_ADC_MspDeInit	16	static
../Core/Src/stm32f1xx_hal_msp.c:187:6:HAL_UART_MspInit	40	static
../Core/Src/stm32f1xx_hal_msp.c:230:6:HAL_UART_MspDeInit	16	static
../Core/Src/stm32f1xx_hal_msp.c:257:13:HAL_FSMC_MspInit	32	static
../Core/Src/stm32f1xx_hal_msp.c:311:6:HAL_SRAM_MspInit	16	static
../Core/Src/stm32f1xx_hal_msp.c:323:13:HAL_FSMC_MspDeInit	8	static
../Core/Src/stm32f1xx_hal_msp.c:369:6:HAL_SRAM_MspDeInit	16	static
