../Core/Src/stm32f1xx_hal_msp.c:63:6:HAL_MspInit	24	static
../Core/Src/stm32f1xx_hal_msp.c:90:6:HAL_ADC_MspInit	48	static
../Core/Src/stm32f1xx_hal_msp.c:142:6:HAL_ADC_MspDeInit	16	static
../Core/Src/stm32f1xx_hal_msp.c:187:6:HAL_UART_MspInit	48	static
../Core/Src/stm32f1xx_hal_msp.c:259:6:HAL_UART_MspDeInit	16	static
../Core/Src/stm32f1xx_hal_msp.c:306:13:HAL_FSMC_MspInit	32	static
../Core/Src/stm32f1xx_hal_msp.c:360:6:HAL_SRAM_MspInit	16	static
../Core/Src/stm32f1xx_hal_msp.c:372:13:HAL_FSMC_MspDeInit	8	static
../Core/Src/stm32f1xx_hal_msp.c:418:6:HAL_SRAM_MspDeInit	16	static
