../Core/Src/lcd.c:15:6:Delay	16	static
../Core/Src/lcd.c:17:6:LCD_INIT	16	static
../Core/Src/lcd.c:27:6:LCD_Rst	8	static
../Core/Src/lcd.c:36:6:LCD_BackLed_Control	16	static
../Core/Src/lcd.c:47:6:LCD_Write_Cmd	16	static
../Core/Src/lcd.c:55:6:LCD_Write_Data	16	static
../Core/Src/lcd.c:63:10:LCD_Read_Data	4	static
../Core/Src/lcd.c:69:6:LCD_REG_Config	8	static
../Core/Src/lcd.c:233:6:LCD_OpenWindow	24	static
../Core/Src/lcd.c:250:6:LCD_FillColor	24	static
../Core/Src/lcd.c:265:6:LCD_Clear	24	static
../Core/Src/lcd.c:274:10:LCD_Read_PixelData	16	static
../Core/Src/lcd.c:294:10:LCD_GetPointPixel	24	static
../Core/Src/lcd.c:308:6:LCD_DrawLine	64	static
../Core/Src/lcd.c:380:6:LCD_DrawChar	24	static
../Core/Src/lcd.c:414:6:LCD_DrawString	16	static
../Core/Src/lcd.c:442:6:LCD_DrawDot	16	static
../Core/Src/lcd.c:457:6:LCD_DisplayData	24	static
