Archive member included to satisfy reference by file (symbol)

C:/ST/STM32CubeIDE_1.11.0/STM32CubeIDE/plugins/com.st.stm32cube.ide.mcu.externaltools.gnu-tools-for-stm32.11.3.rel1.win32_1.1.0.202305231506/tools/bin/../lib/gcc/arm-none-eabi/11.3.1/../../../../arm-none-eabi/lib/thumb/v7e-m+fp/hard\libc_nano.a(libc_a-assert.o)
                              ./Core/Src/pca9685.o (__assert_func)
C:/ST/STM32CubeIDE_1.11.0/STM32CubeIDE/plugins/com.st.stm32cube.ide.mcu.externaltools.gnu-tools-for-stm32.11.3.rel1.win32_1.1.0.202305231506/tools/bin/../lib/gcc/arm-none-eabi/11.3.1/../../../../arm-none-eabi/lib/thumb/v7e-m+fp/hard\libc_nano.a(libc_a-exit.o)
                              C:/ST/STM32CubeIDE_1.11.0/STM32CubeIDE/plugins/com.st.stm32cube.ide.mcu.externaltools.gnu-tools-for-stm32.11.3.rel1.win32_1.1.0.202305231506/tools/bin/../lib/gcc/arm-none-eabi/11.3.1/../../../../arm-none-eabi/lib/thumb/v7e-m+fp/hard/crt0.o (exit)
C:/ST/STM32CubeIDE_1.11.0/STM32CubeIDE/plugins/com.st.stm32cube.ide.mcu.externaltools.gnu-tools-for-stm32.11.3.rel1.win32_1.1.0.202305231506/tools/bin/../lib/gcc/arm-none-eabi/11.3.1/../../../../arm-none-eabi/lib/thumb/v7e-m+fp/hard\libc_nano.a(libc_a-findfp.o)
                              C:/ST/STM32CubeIDE_1.11.0/STM32CubeIDE/plugins/com.st.stm32cube.ide.mcu.externaltools.gnu-tools-for-stm32.11.3.rel1.win32_1.1.0.202305231506/tools/bin/../lib/gcc/arm-none-eabi/11.3.1/../../../../arm-none-eabi/lib/thumb/v7e-m+fp/hard\libc_nano.a(libc_a-exit.o) (__stdio_exit_handler)
C:/ST/STM32CubeIDE_1.11.0/STM32CubeIDE/plugins/com.st.stm32cube.ide.mcu.externaltools.gnu-tools-for-stm32.11.3.rel1.win32_1.1.0.202305231506/tools/bin/../lib/gcc/arm-none-eabi/11.3.1/../../../../arm-none-eabi/lib/thumb/v7e-m+fp/hard\libc_nano.a(libc_a-fprintf.o)
                              C:/ST/STM32CubeIDE_1.11.0/STM32CubeIDE/plugins/com.st.stm32cube.ide.mcu.externaltools.gnu-tools-for-stm32.11.3.rel1.win32_1.1.0.202305231506/tools/bin/../lib/gcc/arm-none-eabi/11.3.1/../../../../arm-none-eabi/lib/thumb/v7e-m+fp/hard\libc_nano.a(libc_a-assert.o) (fiprintf)
C:/ST/STM32CubeIDE_1.11.0/STM32CubeIDE/plugins/com.st.stm32cube.ide.mcu.externaltools.gnu-tools-for-stm32.11.3.rel1.win32_1.1.0.202305231506/tools/bin/../lib/gcc/arm-none-eabi/11.3.1/../../../../arm-none-eabi/lib/thumb/v7e-m+fp/hard\libc_nano.a(libc_a-fwalk.o)
                              C:/ST/STM32CubeIDE_1.11.0/STM32CubeIDE/plugins/com.st.stm32cube.ide.mcu.externaltools.gnu-tools-for-stm32.11.3.rel1.win32_1.1.0.202305231506/tools/bin/../lib/gcc/arm-none-eabi/11.3.1/../../../../arm-none-eabi/lib/thumb/v7e-m+fp/hard\libc_nano.a(libc_a-findfp.o) (_fwalk_sglue)
C:/ST/STM32CubeIDE_1.11.0/STM32CubeIDE/plugins/com.st.stm32cube.ide.mcu.externaltools.gnu-tools-for-stm32.11.3.rel1.win32_1.1.0.202305231506/tools/bin/../lib/gcc/arm-none-eabi/11.3.1/../../../../arm-none-eabi/lib/thumb/v7e-m+fp/hard\libc_nano.a(libc_a-stdio.o)
                              C:/ST/STM32CubeIDE_1.11.0/STM32CubeIDE/plugins/com.st.stm32cube.ide.mcu.externaltools.gnu-tools-for-stm32.11.3.rel1.win32_1.1.0.202305231506/tools/bin/../lib/gcc/arm-none-eabi/11.3.1/../../../../arm-none-eabi/lib/thumb/v7e-m+fp/hard\libc_nano.a(libc_a-findfp.o) (__sread)
C:/ST/STM32CubeIDE_1.11.0/STM32CubeIDE/plugins/com.st.stm32cube.ide.mcu.externaltools.gnu-tools-for-stm32.11.3.rel1.win32_1.1.0.202305231506/tools/bin/../lib/gcc/arm-none-eabi/11.3.1/../../../../arm-none-eabi/lib/thumb/v7e-m+fp/hard\libc_nano.a(libc_a-memset.o)
                              C:/ST/STM32CubeIDE_1.11.0/STM32CubeIDE/plugins/com.st.stm32cube.ide.mcu.externaltools.gnu-tools-for-stm32.11.3.rel1.win32_1.1.0.202305231506/tools/bin/../lib/gcc/arm-none-eabi/11.3.1/../../../../arm-none-eabi/lib/thumb/v7e-m+fp/hard/crt0.o (memset)
C:/ST/STM32CubeIDE_1.11.0/STM32CubeIDE/plugins/com.st.stm32cube.ide.mcu.externaltools.gnu-tools-for-stm32.11.3.rel1.win32_1.1.0.202305231506/tools/bin/../lib/gcc/arm-none-eabi/11.3.1/../../../../arm-none-eabi/lib/thumb/v7e-m+fp/hard\libc_nano.a(libc_a-closer.o)
                              C:/ST/STM32CubeIDE_1.11.0/STM32CubeIDE/plugins/com.st.stm32cube.ide.mcu.externaltools.gnu-tools-for-stm32.11.3.rel1.win32_1.1.0.202305231506/tools/bin/../lib/gcc/arm-none-eabi/11.3.1/../../../../arm-none-eabi/lib/thumb/v7e-m+fp/hard\libc_nano.a(libc_a-stdio.o) (_close_r)
C:/ST/STM32CubeIDE_1.11.0/STM32CubeIDE/plugins/com.st.stm32cube.ide.mcu.externaltools.gnu-tools-for-stm32.11.3.rel1.win32_1.1.0.202305231506/tools/bin/../lib/gcc/arm-none-eabi/11.3.1/../../../../arm-none-eabi/lib/thumb/v7e-m+fp/hard\libc_nano.a(libc_a-reent.o)
                              C:/ST/STM32CubeIDE_1.11.0/STM32CubeIDE/plugins/com.st.stm32cube.ide.mcu.externaltools.gnu-tools-for-stm32.11.3.rel1.win32_1.1.0.202305231506/tools/bin/../lib/gcc/arm-none-eabi/11.3.1/../../../../arm-none-eabi/lib/thumb/v7e-m+fp/hard\libc_nano.a(libc_a-closer.o) (errno)
[...]
Memory Configuration

Name             Origin             Length             Attributes
CCMRAM           0x0000000010000000 0x0000000000010000 xrw
RAM              0x0000000020000000 0x0000000000020000 xrw
FLASH            0x0000000008000000 0x0000000000100000 xr
EXT_SRAM         0x0000000068000000 0x00000000000e1000 xrw
*default*        0x0000000000000000 0xffffffffffffffff

Linker script and memory map

LOAD C:/ST/STM32CubeIDE_1.11.0/STM32CubeIDE/plugins/com.st.stm32cube.ide.mcu.externaltools.gnu-tools-for-stm32.11.3.rel1.win32_1.1.0.202305231506/tools/bin/../lib/gcc/arm-none-eabi/11.3.1/thumb/v7e-m+fp/hard/crti.o
LOAD C:/ST/STM32CubeIDE_1.11.0/STM32CubeIDE/plugins/com.st.stm32cube.ide.mcu.externaltools.gnu-tools-for-stm32.11.3.rel1.win32_1.1.0.202305231506/tools/bin/../lib/gcc/arm-none-eabi/11.3.1/thumb/v7e-m+fp/hard/crtbegin.o
LOAD C:/ST/STM32CubeIDE_1.11.0/STM32CubeIDE/plugins/com.st.stm32cube.ide.mcu.externaltools.gnu-tools-for-stm32.11.3.rel1.win32_1.1.0.202305231506/tools/bin/../lib/gcc/arm-none-eabi/11.3.1/../../../../arm-none-eabi/lib/thumb/v7e-m+fp/hard/crt0.o
LOAD ./Core/Src/MPU6050.o
LOAD ./Core/Src/SDcard.o
LOAD ./Core/Src/VL53L0X.o
LOAD ./Core/Src/lcd.o
LOAD ./Core/Src/main.o
LOAD ./Core/Src/pca9685.o
LOAD ./Core/Src/pid.o
LOAD ./Core/Src/stm32f4xx_hal_msp.o
LOAD ./Core/Src/stm32f4xx_it.o
LOAD ./Core/Src/syscalls.o
LOAD ./Core/Src/sysmem.o
LOAD ./Core/Src/system_stm32f4xx.o
LOAD ./Core/Startup/startup_stm32f407zgtx.o
LOAD ./Drivers/STM32F4xx_HAL_Driver/Src/stm32f4xx_hal.o
LOAD ./Drivers/STM32F4xx_HAL_Driver/Src/stm32f4xx_hal_adc.o
LOAD ./Drivers/STM32F4xx_HAL_Driver/Src/stm32f4xx_hal_adc_ex.o
LOAD ./Drivers/STM32F4xx_HAL_Driver/Src/stm32f4xx_hal_cortex.o
LOAD ./Drivers/STM32F4xx_HAL_Driver/Src/stm32f4xx_hal_dac.o
LOAD ./Drivers/STM32F4xx_HAL_Driver/Src/stm32f4xx_hal_dac_ex.o
LOAD ./Drivers/STM32F4xx_HAL_Driver/Src/stm32f4xx_hal_dma.o
LOAD ./Drivers/STM32F4xx_HAL_Driver/Src/stm32f4xx_hal_dma_ex.o
LOAD ./Drivers/STM32F4xx_HAL_Driver/Src/stm32f4xx_hal_exti.o
LOAD ./Drivers/STM32F4xx_HAL_Driver/Src/stm32f4xx_hal_flash.o
LOAD ./Drivers/STM32F4xx_HAL_Driver/Src/stm32f4xx_hal_flash_ex.o
LOAD ./Drivers/STM32F4xx_HAL_Driver/Src/stm32f4xx_hal_flash_ramfunc.o
LOAD ./Drivers/STM32F4xx_HAL_Driver/Src/stm32f4xx_hal_gpio.o
LOAD ./Drivers/STM32F4xx_HAL_Driver/Src/stm32f4xx_hal_i2c.o
LOAD ./Drivers/STM32F4xx_HAL_Driver/Src/stm32f4xx_hal_i2c_ex.o
LOAD ./Drivers/STM32F4xx_HAL_Driver/Src/stm32f4xx_hal_pwr.o
LOAD ./Drivers/STM32F4xx_HAL_Driver/Src/stm32f4xx_hal_pwr_ex.o
LOAD ./Drivers/STM32F4xx_HAL_Driver/Src/stm32f4xx_hal_rcc.o
LOAD ./Drivers/STM32F4xx_HAL_Driver/Src/stm32f4xx_hal_rcc_ex.o
LOAD ./Drivers/STM32F4xx_HAL_Driver/Src/stm32f4xx_hal_rtc.o
LOAD ./Drivers/STM32F4xx_HAL_Driver/Src/stm32f4xx_hal_rtc_ex.o
LOAD ./Drivers/STM32F4xx_HAL_Driver/Src/stm32f4xx_hal_sd.o
LOAD ./Drivers/STM32F4xx_HAL_Driver/Src/stm32f4xx_hal_sram.o
LOAD ./Drivers/STM32F4xx_HAL_Driver/Src/stm32f4xx_hal_tim.o
LOAD ./Drivers/STM32F4xx_HAL_Driver/Src/stm32f4xx_hal_tim_ex.o
LOAD ./Drivers/STM32F4xx_HAL_Driver/Src/stm32f4xx_hal_uart.o
LOAD ./Drivers/STM32F4xx_HAL_Driver/Src/stm32f4xx_ll_adc.o
LOAD ./Drivers/STM32F4xx_HAL_Driver/Src/stm32f4xx_ll_fsmc.o
LOAD ./Drivers/STM32F4xx_HAL_Driver/Src/stm32f4xx_ll_sdmmc.o
LOAD ./FATFS/App/fatfs.o
LOAD ./FATFS/Target/bsp_driver_sd.o
LOAD ./FATFS/Target/sd_diskio.o
LOAD ./Middlewares/Third_Party/FatFs/src/diskio.o
LOAD ./Middlewares/Third_Party/FatFs/src/ff.o
LOAD ./Middlewares/Third_Party/FatFs/src/ff_gen_drv.o
LOAD ./Middlewares/Third_Party/FatFs/src/option/ccsbcs.o
LOAD ./Middlewares/Third_Party/FatFs/src/option/syscall.o
START GROUP
LOAD C:/ST/STM32CubeIDE_1.11.0/STM32CubeIDE/plugins/com.st.stm32cube.ide.mcu.externaltools.gnu-tools-for-stm32.11.3.rel1.win32_1.1.0.202305231506/tools/bin/../lib/gcc/arm-none-eabi/11.3.1/../../../../arm-none-eabi/lib/thumb/v7e-m+fp/hard\libc_nano.a
LOAD C:/ST/STM32CubeIDE_1.11.0/STM32CubeIDE/plugins/com.st.stm32cube.ide.mcu.externaltools.gnu-tools-for-stm32.11.3.rel1.win32_1.1.0.202305231506/tools/bin/../lib/gcc/arm-none-eabi/11.3.1/../../../../arm-none-eabi/lib/thumb/v7e-m+fp/hard\libm.a
END GROUP
START GROUP
LOAD C:/ST/STM32CubeIDE_1.11.0/STM32CubeIDE/plugins/com.st.stm32cube.ide.mcu.externaltools.gnu-tools-for-stm32.11.3.rel1.win32_1.1.0.202305231506/tools/bin/../lib/gcc/arm-none-eabi/11.3.1/thumb/v7e-m+fp/hard\libgcc.a
LOAD C:/ST/STM32CubeIDE_1.11.0/STM32CubeIDE/plugins/com.st.stm32cube.ide.mcu.externaltools.gnu-tools-for-stm32.11.3.rel1.win32_1.1.0.202305231506/tools/bin/../lib/gcc/arm-none-eabi/11.3.1/../../../../arm-none-eabi/lib/thumb/v7e-m+fp/hard\libc_nano.a
END GROUP
START GROUP
LOAD C:/ST/STM32CubeIDE_1.11.0/STM32CubeIDE/plugins/com.st.stm32cube.ide.mcu.externaltools.gnu-tools-for-stm32.11.3.rel1.win32_1.1.0.202305231506/tools/bin/../lib/gcc/arm-none-eabi/11.3.1/thumb/v7e-m+fp/hard\libgcc.a
LOAD C:/ST/STM32CubeIDE_1.11.0/STM32CubeIDE/plugins/com.st.stm32cube.ide.mcu.externaltools.gnu-tools-for-stm32.11.3.rel1.win32_1.1.0.202305231506/tools/bin/../lib/gcc/arm-none-eabi/11.3.1/../../../../arm-none-eabi/lib/thumb/v7e-m+fp/hard\libc_nano.a
LOAD C:/ST/STM32CubeIDE_1.11.0/STM32CubeIDE/plugins/com.st.stm32cube.ide.mcu.externaltools.gnu-tools-for-stm32.11.3.rel1.win32_1.1.0.202305231506/tools/bin/../lib/gcc/arm-none-eabi/11.3.1/../../../../arm-none-eabi/lib/thumb/v7e-m+fp/hard\libnosys.a
END GROUP
START GROUP
LOAD C:/ST/STM32CubeIDE_1.11.0/STM32CubeIDE/plugins/com.st.stm32cube.ide.mcu.externaltools.gnu-tools-for-stm32.11.3.rel1.win32_1.1.0.202305231506/tools/bin/../lib/gcc/arm-none-eabi/11.3.1/thumb/v7e-m+fp/hard\libgcc.a
LOAD C:/ST/STM32CubeIDE_1.11.0/STM32CubeIDE/plugins/com.st.stm32cube.ide.mcu.externaltools.gnu-tools-for-stm32.11.3.rel1.win32_1.1.0.202305231506/tools/bin/../lib/gcc/arm-none-eabi/11.3.1/../../../../arm-none-eabi/lib/thumb/v7e-m+fp/hard\libc_nano.a
LOAD C:/ST/STM32CubeIDE_1.11.0/STM32CubeIDE/plugins/com.st.stm32cube.ide.mcu.externaltools.gnu-tools-for-stm32.11.3.rel1.win32_1.1.0.202305231506/tools/bin/../lib/gcc/arm-none-eabi/11.3.1/../../../../arm-none-eabi/lib/thumb/v7e-m+fp/hard\libnosys.a
END GROUP
LOAD C:/ST/STM32CubeIDE_1.11.0/STM32CubeIDE/plugins/com.st.stm32cube.ide.mcu.externaltools.gnu-tools-for-stm32.11.3.rel1.win32_1.1.0.202305231506/tools/bin/../lib/gcc/arm-none-eabi/11.3.1/thumb/v7e-m+fp/hard/crtend.o
LOAD C:/ST/STM32CubeIDE_1.11.0/STM32CubeIDE/plugins/com.st.stm32cube.ide.mcu.externaltools.gnu-tools-for-stm32.11.3.rel1.win32_1.1.0.202305231506/tools/bin/../lib/gcc/arm-none-eabi/11.3.1/thumb/v7e-m+fp/hard/crtn.o
                0x0000000020020000                _estack = (ORIGIN (RAM) + LENGTH (RAM))
                0x0000000000000200                _Min_Heap_Size = 0x200
                0x0000000000000400                _Min_Stack_Size = 0x400

.isr_vector     0x0000000008000000      0x188
                0x0000000008000000                . = ALIGN (0x4)
 *(.isr_vector)
 .isr_vector    0x0000000008000000      0x188 ./Core/Startup/startup_stm32f407zgtx.o
                0x0000000008000000                g_pfnVectors
                0x0000000008000188                . = ALIGN (0x4)

.text           0x0000000008000190    0x14398
                0x0000000008000190                . = ALIGN (0x4)
 *(.text)
 .text          0x0000000008000190       0x40 C:/ST/STM32CubeIDE_1.11.0/STM32CubeIDE/plugins/com.st.stm32cube.ide.mcu.externaltools.gnu-tools-for-stm32.11.3.rel1.win32_1.1.0.202305231506/tools/bin/../lib/gcc/arm-none-eabi/11.3.1/thumb/v7e-m+fp/hard/crtbegin.o
 .text          0x00000000080001d0       0xa0 C:/ST/STM32CubeIDE_1.11.0/STM32CubeIDE/plugins/com.st.stm32cube.ide.mcu.externaltools.gnu-tools-for-stm32.11.3.rel1.win32_1.1.0.202305231506/tools/bin/../lib/gcc/arm-none-eabi/11.3.1/../../../../arm-none-eabi/lib/thumb/v7e-m+fp/hard\libc_nano.a(libc_a-memchr.o)
                0x00000000080001d0                memchr
 .text          0x0000000008000270      0x378 C:/ST/STM32CubeIDE_1.11.0/STM32CubeIDE/plugins/com.st.stm32cube.ide.mcu.externaltools.gnu-tools-for-stm32.11.3.rel1.win32_1.1.0.202305231506/tools/bin/../lib/gcc/arm-none-eabi/11.3.1/thumb/v7e-m+fp/hard\libgcc.a(_arm_addsubdf3.o)
                0x0000000008000270                __aeabi_drsub
                0x0000000008000278                __aeabi_dsub
                0x0000000008000278                __subdf3
                0x000000000800027c                __aeabi_dadd
                0x000000000800027c                __adddf3
                0x00000000080004f4                __floatunsidf
                0x00000000080004f4                __aeabi_ui2d
                0x0000000008000514                __floatsidf
                0x0000000008000514                __aeabi_i2d
                0x0000000008000538                __aeabi_f2d
                0x0000000008000538                __extendsfdf2
                0x000000000800057c                __floatundidf
                0x000000000800057c                __aeabi_ul2d
                0x000000000800058c                __floatdidf
                0x000000000800058c                __aeabi_l2d
 .text          0x00000000080005e8      0x424 C:/ST/STM32CubeIDE_1.11.0/STM32CubeIDE/plugins/com.st.stm32cube.ide.mcu.externaltools.gnu-tools-for-stm32.11.3.rel1.win32_1.1.0.202305231506/tools/bin/../lib/gcc/arm-none-eabi/11.3.1/thumb/v7e-m+fp/hard\libgcc.a(_arm_muldivdf3.o)
                0x00000000080005e8                __aeabi_dmul
                0x00000000080005e8                __muldf3
                0x000000000800083c                __divdf3
                0x000000000800083c                __aeabi_ddiv
 .text          0x0000000008000a0c      0x110 C:/ST/STM32CubeIDE_1.11.0/STM32CubeIDE/plugins/com.st.stm32cube.ide.mcu.externaltools.gnu-tools-for-stm32.11.3.rel1.win32_1.1.0.202305231506/tools/bin/../lib/gcc/arm-none-eabi/11.3.1/thumb/v7e-m+fp/hard\libgcc.a(_arm_cmpdf2.o)
                0x0000000008000a0c                __gtdf2
                0x0000000008000a0c                __gedf2
                0x0000000008000a14                __ltdf2
                0x0000000008000a14                __ledf2
                0x0000000008000a1c                __nedf2
                0x0000000008000a1c                __eqdf2
                0x0000000008000a1c                __cmpdf2
                0x0000000008000a98                __aeabi_cdrcmple
                0x0000000008000aa8                __aeabi_cdcmpeq
                0x0000000008000aa8                __aeabi_cdcmple
                0x0000000008000ab8                __aeabi_dcmpeq
                0x0000000008000acc                __aeabi_dcmplt
                0x0000000008000ae0                __aeabi_dcmple
                0x0000000008000af4                __aeabi_dcmpge
                0x0000000008000b08                __aeabi_dcmpgt
 .text          0x0000000008000b1c       0x2c C:/ST/STM32CubeIDE_1.11.0/STM32CubeIDE/plugins/com.st.stm32cube.ide.mcu.externaltools.gnu-tools-for-stm32.11.3.rel1.win32_1.1.0.202305231506/tools/bin/../lib/gcc/arm-none-eabi/11.3.1/thumb/v7e-m+fp/hard\libgcc.a(_arm_unorddf2.o)
                0x0000000008000b1c                __unorddf2
                0x0000000008000b1c                __aeabi_dcmpun
 .text          0x0000000008000b48       0x40 C:/ST/STM32CubeIDE_1.11.0/STM32CubeIDE/plugins/com.st.stm32cube.ide.mcu.externaltools.gnu-tools-for-stm32.11.3.rel1.win32_1.1.0.202305231506/tools/bin/../lib/gcc/arm-none-eabi/11.3.1/thumb/v7e-m+fp/hard\libgcc.a(_arm_fixunsdfsi.o)
                0x0000000008000b48                __aeabi_d2uiz
                0x0000000008000b48                __fixunsdfsi
 .text          0x0000000008000b88       0xa0 C:/ST/STM32CubeIDE_1.11.0/STM32CubeIDE/plugins/com.st.stm32cube.ide.mcu.externaltools.gnu-tools-for-stm32.11.3.rel1.win32_1.1.0.202305231506/tools/bin/../lib/gcc/arm-none-eabi/11.3.1/thumb/v7e-m+fp/hard\libgcc.a(_arm_truncdfsf2.o)
                0x0000000008000b88                __truncdfsf2
                0x0000000008000b88                __aeabi_d2f
 .text          0x0000000008000c28       0x30 C:/ST/STM32CubeIDE_1.11.0/STM32CubeIDE/plugins/com.st.stm32cube.ide.mcu.externaltools.gnu-tools-for-stm32.11.3.rel1.win32_1.1.0.202305231506/tools/bin/../lib/gcc/arm-none-eabi/11.3.1/thumb/v7e-m+fp/hard\libgcc.a(_aeabi_uldivmod.o)
                0x0000000008000c28                __aeabi_uldivmod
 .text          0x0000000008000c58      0x2c8 C:/ST/STM32CubeIDE_1.11.0/STM32CubeIDE/plugins/com.st.stm32cube.ide.mcu.externaltools.gnu-tools-for-stm32.11.3.rel1.win32_1.1.0.202305231506/tools/bin/../lib/gcc/arm-none-eabi/11.3.1/thumb/v7e-m+fp/hard\libgcc.a(_udivmoddi4.o)
                0x0000000008000c58                __udivmoddi4
 .text          0x0000000008000f20        0x4 C:/ST/STM32CubeIDE_1.11.0/STM32CubeIDE/plugins/com.st.stm32cube.ide.mcu.externaltools.gnu-tools-for-stm32.11.3.rel1.win32_1.1.0.202305231506/tools/bin/../lib/gcc/arm-none-eabi/11.3.1/thumb/v7e-m+fp/hard\libgcc.a(_dvmd_tls.o)
                0x0000000008000f20                __aeabi_idiv0
                0x0000000008000f20                __aeabi_ldiv0
 *(.text*)
 .text.MPU6050_init
                0x0000000008000f24       0xac ./Core/Src/MPU6050.o
                0x0000000008000f24                MPU6050_init
 .text.MPU6050_Read_Accel
                0x0000000008000fd0      0x10c ./Core/Src/MPU6050.o
                0x0000000008000fd0                MPU6050_Read_Accel
 .text.SD_Init  0x00000000080010dc       0x30 ./Core/Src/SDcard.o
                0x00000000080010dc                SD_Init
 .text.writeReg
                0x000000000800110c       0x54 ./Core/Src/VL53L0X.o
                0x000000000800110c                writeReg
 .text.writeReg16Bit
                0x0000000008001160       0x54 ./Core/Src/VL53L0X.o
                0x0000000008001160                writeReg16Bit
 .text.readReg  0x00000000080011b4       0x58 ./Core/Src/VL53L0X.o
                0x00000000080011b4                readReg
 .text.readReg16Bit
                0x000000000800120c       0x58 ./Core/Src/VL53L0X.o
                0x000000000800120c                readReg16Bit
 .text.writeMulti
                0x0000000008001264       0x5c ./Core/Src/VL53L0X.o
                0x0000000008001264                writeMulti
 .text.readMulti
                0x00000000080012c0       0x54 ./Core/Src/VL53L0X.o
                0x00000000080012c0                readMulti
 .text.initVL53L0X
                0x0000000008001314      0x4bc ./Core/Src/VL53L0X.o
                0x0000000008001314                initVL53L0X
 .text.setSignalRateLimit
                0x00000000080017d0       0x6c ./Core/Src/VL53L0X.o
                0x00000000080017d0                setSignalRateLimit
 .text.setMeasurementTimingBudget
                0x000000000800183c      0x130 ./Core/Src/VL53L0X.o
                0x000000000800183c                setMeasurementTimingBudget
 .text.getMeasurementTimingBudget
                0x000000000800196c       0xc4 ./Core/Src/VL53L0X.o
                0x000000000800196c                getMeasurementTimingBudget
 .text.setVcselPulsePeriod
                0x0000000008001a30      0x29c ./Core/Src/VL53L0X.o
                0x0000000008001a30                setVcselPulsePeriod
 .text.getVcselPulsePeriod
                0x0000000008001ccc       0x44 ./Core/Src/VL53L0X.o
                0x0000000008001ccc                getVcselPulsePeriod
 .text.readRangeContinuousMillimeters
                0x0000000008001d10       0xec ./Core/Src/VL53L0X.o
                0x0000000008001d10                readRangeContinuousMillimeters
 .text.readRangeSingleMillimeters
                0x0000000008001dfc       0xb8 ./Core/Src/VL53L0X.o
                0x0000000008001dfc                readRangeSingleMillimeters
 .text.getSpadInfo
                0x0000000008001eb4      0x128 ./Core/Src/VL53L0X.o
                0x0000000008001eb4                getSpadInfo
 .text.getSequenceStepEnables
                0x0000000008001fdc       0x64 ./Core/Src/VL53L0X.o
                0x0000000008001fdc                getSequenceStepEnables
 .text.getSequenceStepTimeouts
                0x0000000008002040       0xcc ./Core/Src/VL53L0X.o
                0x0000000008002040                getSequenceStepTimeouts
 .text.decodeTimeout
                0x000000000800210c       0x28 ./Core/Src/VL53L0X.o
 .text.encodeTimeout
                0x0000000008002134       0x58 ./Core/Src/VL53L0X.o
 .text.timeoutMclksToMicroseconds
                0x000000000800218c       0x50 ./Core/Src/VL53L0X.o
 .text.timeoutMicrosecondsToMclks
                0x00000000080021dc       0x4c ./Core/Src/VL53L0X.o
 .text.performSingleRefCalibration
                0x0000000008002228       0x80 ./Core/Src/VL53L0X.o
                0x0000000008002228                performSingleRefCalibration
 .text.Delay    0x00000000080022a8       0x24 ./Core/Src/lcd.o
                0x00000000080022a8                Delay
 .text.LCD_INIT
                0x00000000080022cc       0x2e ./Core/Src/lcd.o
                0x00000000080022cc                LCD_INIT
 *fill*         0x00000000080022fa        0x2 
 .text.LCD_Rst  0x00000000080022fc       0x30 ./Core/Src/lcd.o
                0x00000000080022fc                LCD_Rst
 .text.LCD_BackLed_Control
                0x000000000800232c       0x38 ./Core/Src/lcd.o
                0x000000000800232c                LCD_BackLed_Control
 .text.LCD_Write_Cmd
                0x0000000008002364       0x1e ./Core/Src/lcd.o
                0x0000000008002364                LCD_Write_Cmd
 *fill*         0x0000000008002382        0x2 
 .text.LCD_Write_Data
                0x0000000008002384       0x20 ./Core/Src/lcd.o
                0x0000000008002384                LCD_Write_Data
 .text.LCD_REG_Config
                0x00000000080023a4      0x234 ./Core/Src/lcd.o
                0x00000000080023a4                LCD_REG_Config
 .text.LCD_OpenWindow
                0x00000000080025d8       0xb2 ./Core/Src/lcd.o
                0x00000000080025d8                LCD_OpenWindow
 .text.LCD_FillColor
                0x000000000800268a       0x3c ./Core/Src/lcd.o
                0x000000000800268a                LCD_FillColor
 .text.LCD_Clear
                0x00000000080026c6       0x46 ./Core/Src/lcd.o
                0x00000000080026c6                LCD_Clear
 .text.LCD_DrawChar
                0x000000000800270c       0x8c ./Core/Src/lcd.o
                0x000000000800270c                LCD_DrawChar
 .text.LCD_DrawString
                0x0000000008002798       0x5e ./Core/Src/lcd.o
                0x0000000008002798                LCD_DrawString
 *fill*         0x00000000080027f6        0x2 
 .text.LCD_DrawFace
                0x00000000080027f8       0xd4 ./Core/Src/lcd.o
                0x00000000080027f8                LCD_DrawFace
 .text.initAudio
                0x00000000080028cc       0x1a ./Core/Src/main.o
                0x00000000080028cc                initAudio
 *fill*         0x00000000080028e6        0x2 
 .text.loadAudioFiles
                0x00000000080028e8      0x104 ./Core/Src/main.o
                0x00000000080028e8                loadAudioFiles
 .text.playAudio
                0x00000000080029ec       0x40 ./Core/Src/main.o
                0x00000000080029ec                playAudio
 .text.servoReaderStart
                0x0000000008002a2c       0x20 ./Core/Src/main.o
                0x0000000008002a2c                servoReaderStart
 .text.updateAngles
                0x0000000008002a4c       0x6c ./Core/Src/main.o
                0x0000000008002a4c                updateAngles
 .text.getBatteryVoltage
                0x0000000008002ab8       0x54 ./Core/Src/main.o
                0x0000000008002ab8                getBatteryVoltage
 .text.updateAnglesArray
                0x0000000008002b0c       0x44 ./Core/Src/main.o
                0x0000000008002b0c                updateAnglesArray
 .text.updateSetpointsArray
                0x0000000008002b50       0x44 ./Core/Src/main.o
                0x0000000008002b50                updateSetpointsArray
 .text.updateOutputsArray
                0x0000000008002b94       0x44 ./Core/Src/main.o
                0x0000000008002b94                updateOutputsArray
 .text.initFilteredOutputArray
                0x0000000008002bd8       0x5e ./Core/Src/main.o
                0x0000000008002bd8                initFilteredOutputArray
 *fill*         0x0000000008002c36        0x2 
 .text.pidInit  0x0000000008002c38      0x578 ./Core/Src/main.o
                0x0000000008002c38                pidInit
 .text.updateServo
                0x00000000080031b0      0x2ca ./Core/Src/main.o
                0x00000000080031b0                updateServo
 *fill*         0x000000000800347a        0x6 
 .text.inverse_kinematics
                0x0000000008003480      0x5e8 ./Core/Src/main.o
                0x0000000008003480                inverse_kinematics
 .text.setDesiredPosition
                0x0000000008003a68       0x34 ./Core/Src/main.o
                0x0000000008003a68                setDesiredPosition
 *fill*         0x0000000008003a9c        0x4 
 .text.updateLeg
                0x0000000008003aa0      0x294 ./Core/Src/main.o
                0x0000000008003aa0                updateLeg
 .text.interactUpdate
                0x0000000008003d34       0x2e ./Core/Src/main.o
                0x0000000008003d34                interactUpdate
 .text.checkIfSad
                0x0000000008003d62       0x74 ./Core/Src/main.o
                0x0000000008003d62                checkIfSad
 .text.receive_normal_data
                0x0000000008003dd6       0x4e ./Core/Src/main.o
                0x0000000008003dd6                receive_normal_data
 .text.determineMultimediaState
                0x0000000008003e24       0xec ./Core/Src/main.o
                0x0000000008003e24                determineMultimediaState
 .text.determineMovementState
                0x0000000008003f10       0xb4 ./Core/Src/main.o
                0x0000000008003f10                determineMovementState
 .text.updateCTouch
                0x0000000008003fc4       0x38 ./Core/Src/main.o
                0x0000000008003fc4                updateCTouch
 .text.updateBatteryVoltage
                0x0000000008003ffc       0x2c ./Core/Src/main.o
                0x0000000008003ffc                updateBatteryVoltage
 .text.watchdogTrigger
                0x0000000008004028       0x7c ./Core/Src/main.o
                0x0000000008004028                watchdogTrigger
 *fill*         0x00000000080040a4        0x4 
 .text.updateMovements
                0x00000000080040a8      0x49c ./Core/Src/main.o
                0x00000000080040a8                updateMovements
 .text.updateFace
                0x0000000008004544      0x194 ./Core/Src/main.o
                0x0000000008004544                updateFace
 .text.main     0x00000000080046d8      0x4d4 ./Core/Src/main.o
                0x00000000080046d8                main
 .text.SystemClock_Config
                0x0000000008004bac       0xd8 ./Core/Src/main.o
                0x0000000008004bac                SystemClock_Config
 .text.MX_ADC1_Init
                0x0000000008004c84      0x210 ./Core/Src/main.o
 .text.MX_ADC2_Init
                0x0000000008004e94       0xa4 ./Core/Src/main.o
 .text.MX_DAC_Init
                0x0000000008004f38       0x54 ./Core/Src/main.o
 .text.MX_I2C1_Init
                0x0000000008004f8c       0x5c ./Core/Src/main.o
 .text.MX_RTC_Init
                0x0000000008004fe8       0xb4 ./Core/Src/main.o
 .text.MX_SDIO_SD_Init
                0x000000000800509c       0x40 ./Core/Src/main.o
 .text.MX_TIM4_Init
                0x00000000080050dc       0x9c ./Core/Src/main.o
 .text.MX_USART6_UART_Init
                0x0000000008005178       0x54 ./Core/Src/main.o
 .text.MX_DMA_Init
                0x00000000080051cc      0x10c ./Core/Src/main.o
 .text.MX_GPIO_Init
                0x00000000080052d8      0x194 ./Core/Src/main.o
 .text.MX_FSMC_Init
                0x000000000800546c      0x158 ./Core/Src/main.o
 .text.Error_Handler
                0x00000000080055c4        0xa ./Core/Src/main.o
                0x00000000080055c4                Error_Handler
 .text.pca9685_write_u8
                0x00000000080055ce       0x42 ./Core/Src/pca9685.o
 .text.pca9685_write_data
                0x0000000008005610       0x64 ./Core/Src/pca9685.o
 .text.pca9685_read_u8
                0x0000000008005674       0x56 ./Core/Src/pca9685.o
 *fill*         0x00000000080056ca        0x2 
 .text.pca9685_init
                0x00000000080056cc       0xe8 ./Core/Src/pca9685.o
                0x00000000080056cc                pca9685_init
 .text.pca9685_is_sleeping
                0x00000000080057b4       0x4c ./Core/Src/pca9685.o
                0x00000000080057b4                pca9685_is_sleeping
 .text.pca9685_sleep
                0x0000000008005800       0x68 ./Core/Src/pca9685.o
                0x0000000008005800                pca9685_sleep
 .text.pca9685_wakeup
                0x0000000008005868       0xac ./Core/Src/pca9685.o
                0x0000000008005868                pca9685_wakeup
 .text.pca9685_set_pwm_frequency
                0x0000000008005914      0x128 ./Core/Src/pca9685.o
                0x0000000008005914                pca9685_set_pwm_frequency
 .text.pca9685_set_channel_pwm_times
                0x0000000008005a3c       0x9c ./Core/Src/pca9685.o
                0x0000000008005a3c                pca9685_set_channel_pwm_times
 .text.PID_Init
                0x0000000008005ad8       0x74 ./Core/Src/pid.o
                0x0000000008005ad8                PID_Init
 *fill*         0x0000000008005b4c        0x4 
 .text.PID      0x0000000008005b50       0x98 ./Core/Src/pid.o
                0x0000000008005b50                PID
 .text.PID_Compute
                0x0000000008005be8      0x1d4 ./Core/Src/pid.o
                0x0000000008005be8                PID_Compute
 .text.PID_SetMode
                0x0000000008005dbc       0x3c ./Core/Src/pid.o
                0x0000000008005dbc                PID_SetMode
 .text.PID_SetOutputLimits
                0x0000000008005df8       0xdc ./Core/Src/pid.o
                0x0000000008005df8                PID_SetOutputLimits
 .text.PID_SetTunings2
                0x0000000008005ed4      0x150 ./Core/Src/pid.o
                0x0000000008005ed4                PID_SetTunings2
 .text.PID_SetControllerDirection
                0x0000000008006024       0x80 ./Core/Src/pid.o
                0x0000000008006024                PID_SetControllerDirection
 .text.PID_SetSampleTime
                0x00000000080060a4       0x76 ./Core/Src/pid.o
                0x00000000080060a4                PID_SetSampleTime
 *fill*         0x000000000800611a        0x2 
 .text.HAL_MspInit
                0x000000000800611c       0x50 ./Core/Src/stm32f4xx_hal_msp.o
                0x000000000800611c                HAL_MspInit
 .text.HAL_ADC_MspInit
                0x000000000800616c      0x248 ./Core/Src/stm32f4xx_hal_msp.o
                0x000000000800616c                HAL_ADC_MspInit
 .text.HAL_DAC_MspInit
                0x00000000080063b4       0xf0 ./Core/Src/stm32f4xx_hal_msp.o
                0x00000000080063b4                HAL_DAC_MspInit
 .text.HAL_I2C_MspInit
                0x00000000080064a4       0x90 ./Core/Src/stm32f4xx_hal_msp.o
                0x00000000080064a4                HAL_I2C_MspInit
 .text.HAL_RTC_MspInit
                0x0000000008006534       0x54 ./Core/Src/stm32f4xx_hal_msp.o
                0x0000000008006534                HAL_RTC_MspInit
 .text.HAL_SD_MspInit
                0x0000000008006588      0x1d0 ./Core/Src/stm32f4xx_hal_msp.o
                0x0000000008006588                HAL_SD_MspInit
 .text.HAL_TIM_Base_MspInit
                0x0000000008006758       0x44 ./Core/Src/stm32f4xx_hal_msp.o
                0x0000000008006758                HAL_TIM_Base_MspInit
 .text.HAL_UART_MspInit
                0x000000000800679c       0x90 ./Core/Src/stm32f4xx_hal_msp.o
                0x000000000800679c                HAL_UART_MspInit
 .text.HAL_FSMC_MspInit
                0x000000000800682c       0xe0 ./Core/Src/stm32f4xx_hal_msp.o
 .text.HAL_SRAM_MspInit
                0x000000000800690c       0x14 ./Core/Src/stm32f4xx_hal_msp.o
                0x000000000800690c                HAL_SRAM_MspInit
 .text.NMI_Handler
                0x0000000008006920        0x6 ./Core/Src/stm32f4xx_it.o
                0x0000000008006920                NMI_Handler
 .text.HardFault_Handler
                0x0000000008006926        0x6 ./Core/Src/stm32f4xx_it.o
                0x0000000008006926                HardFault_Handler
 .text.MemManage_Handler
                0x000000000800692c        0x6 ./Core/Src/stm32f4xx_it.o
                0x000000000800692c                MemManage_Handler
 .text.BusFault_Handler
                0x0000000008006932        0x6 ./Core/Src/stm32f4xx_it.o
                0x0000000008006932                BusFault_Handler
 .text.UsageFault_Handler
                0x0000000008006938        0x6 ./Core/Src/stm32f4xx_it.o
                0x0000000008006938                UsageFault_Handler
 .text.SVC_Handler
                0x000000000800693e        0xe ./Core/Src/stm32f4xx_it.o
                0x000000000800693e                SVC_Handler
 .text.DebugMon_Handler
                0x000000000800694c        0xe ./Core/Src/stm32f4xx_it.o
                0x000000000800694c                DebugMon_Handler
 .text.PendSV_Handler
                0x000000000800695a        0xe ./Core/Src/stm32f4xx_it.o
                0x000000000800695a                PendSV_Handler
 .text.SysTick_Handler
                0x0000000008006968        0xc ./Core/Src/stm32f4xx_it.o
                0x0000000008006968                SysTick_Handler
 .text.DMA1_Stream5_IRQHandler
                0x0000000008006974       0x14 ./Core/Src/stm32f4xx_it.o
                0x0000000008006974                DMA1_Stream5_IRQHandler
 .text.ADC_IRQHandler
                0x0000000008006988       0x1c ./Core/Src/stm32f4xx_it.o
                0x0000000008006988                ADC_IRQHandler
 .text.DMA2_Stream2_IRQHandler
                0x00000000080069a4       0x14 ./Core/Src/stm32f4xx_it.o
                0x00000000080069a4                DMA2_Stream2_IRQHandler
 .text.DMA2_Stream3_IRQHandler
                0x00000000080069b8       0x14 ./Core/Src/stm32f4xx_it.o
                0x00000000080069b8                DMA2_Stream3_IRQHandler
 .text.DMA2_Stream4_IRQHandler
                0x00000000080069cc       0x14 ./Core/Src/stm32f4xx_it.o
                0x00000000080069cc                DMA2_Stream4_IRQHandler
 .text.DMA2_Stream6_IRQHandler
                0x00000000080069e0       0x14 ./Core/Src/stm32f4xx_it.o
                0x00000000080069e0                DMA2_Stream6_IRQHandler
 .text._getpid  0x00000000080069f4       0x10 ./Core/Src/syscalls.o
                0x00000000080069f4                _getpid
 .text._kill    0x0000000008006a04       0x20 ./Core/Src/syscalls.o
                0x0000000008006a04                _kill
 .text._exit    0x0000000008006a24       0x14 ./Core/Src/syscalls.o
                0x0000000008006a24                _exit
 .text._read    0x0000000008006a38       0x3a ./Core/Src/syscalls.o
                0x0000000008006a38                _read
 .text._write   0x0000000008006a72       0x38 ./Core/Src/syscalls.o
                0x0000000008006a72                _write
 .text._close   0x0000000008006aaa       0x18 ./Core/Src/syscalls.o
                0x0000000008006aaa                _close
 .text._fstat   0x0000000008006ac2       0x20 ./Core/Src/syscalls.o
                0x0000000008006ac2                _fstat
 .text._isatty  0x0000000008006ae2       0x16 ./Core/Src/syscalls.o
                0x0000000008006ae2                _isatty
 .text._lseek   0x0000000008006af8       0x1a ./Core/Src/syscalls.o
                0x0000000008006af8                _lseek
 *fill*         0x0000000008006b12        0x2 
 .text._sbrk    0x0000000008006b14       0x6c ./Core/Src/sysmem.o
                0x0000000008006b14                _sbrk
 .text.SystemInit
                0x0000000008006b80       0x24 ./Core/Src/system_stm32f4xx.o
                0x0000000008006b80                SystemInit
 .text.Reset_Handler
                0x0000000008006ba4       0x50 ./Core/Startup/startup_stm32f407zgtx.o
                0x0000000008006ba4                Reset_Handler
 .text.Default_Handler
                0x0000000008006bf4        0x2 ./Core/Startup/startup_stm32f407zgtx.o
                0x0000000008006bf4                RTC_Alarm_IRQHandler
                0x0000000008006bf4                HASH_RNG_IRQHandler
                0x0000000008006bf4                EXTI2_IRQHandler
                0x0000000008006bf4                TIM8_CC_IRQHandler
                0x0000000008006bf4                TIM1_CC_IRQHandler
                0x0000000008006bf4                DMA2_Stream5_IRQHandler
                0x0000000008006bf4                PVD_IRQHandler
                0x0000000008006bf4                SDIO_IRQHandler
                0x0000000008006bf4                TAMP_STAMP_IRQHandler
                0x0000000008006bf4                CAN2_RX1_IRQHandler
                0x0000000008006bf4                EXTI3_IRQHandler
                0x0000000008006bf4                TIM8_TRG_COM_TIM14_IRQHandler
                0x0000000008006bf4                TIM1_UP_TIM10_IRQHandler
                0x0000000008006bf4                TIM8_UP_TIM13_IRQHandler
                0x0000000008006bf4                I2C3_ER_IRQHandler
                0x0000000008006bf4                EXTI0_IRQHandler
                0x0000000008006bf4                I2C2_EV_IRQHandler
                0x0000000008006bf4                DMA1_Stream2_IRQHandler
                0x0000000008006bf4                CAN1_RX0_IRQHandler
                0x0000000008006bf4                FPU_IRQHandler
                0x0000000008006bf4                OTG_HS_WKUP_IRQHandler
                0x0000000008006bf4                CAN2_SCE_IRQHandler
                0x0000000008006bf4                SPI1_IRQHandler
                0x0000000008006bf4                TIM6_DAC_IRQHandler
                0x0000000008006bf4                TIM1_BRK_TIM9_IRQHandler
                0x0000000008006bf4                DCMI_IRQHandler
                0x0000000008006bf4                CAN2_RX0_IRQHandler
                0x0000000008006bf4                USART6_IRQHandler
                0x0000000008006bf4                USART3_IRQHandler
                0x0000000008006bf4                CAN1_RX1_IRQHandler
                0x0000000008006bf4                UART5_IRQHandler
                0x0000000008006bf4                DMA2_Stream0_IRQHandler
                0x0000000008006bf4                TIM4_IRQHandler
                0x0000000008006bf4                I2C1_EV_IRQHandler
                0x0000000008006bf4                DMA1_Stream6_IRQHandler
                0x0000000008006bf4                DMA1_Stream1_IRQHandler
                0x0000000008006bf4                UART4_IRQHandler
                0x0000000008006bf4                TIM3_IRQHandler
                0x0000000008006bf4                RCC_IRQHandler
                0x0000000008006bf4                TIM8_BRK_TIM12_IRQHandler
                0x0000000008006bf4                Default_Handler
                0x0000000008006bf4                EXTI15_10_IRQHandler
                0x0000000008006bf4                DMA1_Stream7_IRQHandler
                0x0000000008006bf4                TIM7_IRQHandler
                0x0000000008006bf4                CAN2_TX_IRQHandler
                0x0000000008006bf4                TIM5_IRQHandler
                0x0000000008006bf4                DMA2_Stream7_IRQHandler
                0x0000000008006bf4                I2C3_EV_IRQHandler
                0x0000000008006bf4                EXTI9_5_IRQHandler
                0x0000000008006bf4                RTC_WKUP_IRQHandler
                0x0000000008006bf4                ETH_WKUP_IRQHandler
                0x0000000008006bf4                SPI2_IRQHandler
                0x0000000008006bf4                OTG_HS_EP1_IN_IRQHandler
                0x0000000008006bf4                DMA1_Stream0_IRQHandler
                0x0000000008006bf4                CAN1_TX_IRQHandler
                0x0000000008006bf4                EXTI4_IRQHandler
                0x0000000008006bf4                FSMC_IRQHandler
                0x0000000008006bf4                ETH_IRQHandler
                0x0000000008006bf4                OTG_HS_EP1_OUT_IRQHandler
                0x0000000008006bf4                WWDG_IRQHandler
                0x0000000008006bf4                TIM2_IRQHandler
                0x0000000008006bf4                OTG_FS_WKUP_IRQHandler
                0x0000000008006bf4                TIM1_TRG_COM_TIM11_IRQHandler
                0x0000000008006bf4                OTG_HS_IRQHandler
                0x0000000008006bf4                EXTI1_IRQHandler
                0x0000000008006bf4                USART2_IRQHandler
                0x0000000008006bf4                I2C2_ER_IRQHandler
                0x0000000008006bf4                DMA2_Stream1_IRQHandler
                0x0000000008006bf4                CAN1_SCE_IRQHandler
                0x0000000008006bf4                FLASH_IRQHandler
                0x0000000008006bf4                USART1_IRQHandler
                0x0000000008006bf4                OTG_FS_IRQHandler
                0x0000000008006bf4                SPI3_IRQHandler
                0x0000000008006bf4                DMA1_Stream4_IRQHandler
                0x0000000008006bf4                I2C1_ER_IRQHandler
                0x0000000008006bf4                DMA1_Stream3_IRQHandler
 *fill*         0x0000000008006bf6        0x2 
 .text.HAL_Init
                0x0000000008006bf8       0x44 ./Drivers/STM32F4xx_HAL_Driver/Src/stm32f4xx_hal.o
                0x0000000008006bf8                HAL_Init
 .text.HAL_InitTick
                0x0000000008006c3c       0x60 ./Drivers/STM32F4xx_HAL_Driver/Src/stm32f4xx_hal.o
                0x0000000008006c3c                HAL_InitTick
 .text.HAL_IncTick
                0x0000000008006c9c       0x28 ./Drivers/STM32F4xx_HAL_Driver/Src/stm32f4xx_hal.o
                0x0000000008006c9c                HAL_IncTick
 .text.HAL_GetTick
                0x0000000008006cc4       0x18 ./Drivers/STM32F4xx_HAL_Driver/Src/stm32f4xx_hal.o
                0x0000000008006cc4                HAL_GetTick
 .text.HAL_SetTickFreq
                0x0000000008006cdc       0x50 ./Drivers/STM32F4xx_HAL_Driver/Src/stm32f4xx_hal.o
                0x0000000008006cdc                HAL_SetTickFreq
 .text.HAL_Delay
                0x0000000008006d2c       0x48 ./Drivers/STM32F4xx_HAL_Driver/Src/stm32f4xx_hal.o
                0x0000000008006d2c                HAL_Delay
 .text.HAL_ADC_Init
                0x0000000008006d74       0x86 ./Drivers/STM32F4xx_HAL_Driver/Src/stm32f4xx_hal_adc.o
                0x0000000008006d74                HAL_ADC_Init
 .text.HAL_ADC_IRQHandler
                0x0000000008006dfa      0x220 ./Drivers/STM32F4xx_HAL_Driver/Src/stm32f4xx_hal_adc.o
                0x0000000008006dfa                HAL_ADC_IRQHandler
 *fill*         0x000000000800701a        0x2 
 .text.HAL_ADC_Start_DMA
                0x000000000800701c      0x220 ./Drivers/STM32F4xx_HAL_Driver/Src/stm32f4xx_hal_adc.o
                0x000000000800701c                HAL_ADC_Start_DMA
 .text.HAL_ADC_ConvCpltCallback
                0x000000000800723c       0x14 ./Drivers/STM32F4xx_HAL_Driver/Src/stm32f4xx_hal_adc.o
                0x000000000800723c                HAL_ADC_ConvCpltCallback
 .text.HAL_ADC_ConvHalfCpltCallback
                0x0000000008007250       0x14 ./Drivers/STM32F4xx_HAL_Driver/Src/stm32f4xx_hal_adc.o
                0x0000000008007250                HAL_ADC_ConvHalfCpltCallback
 .text.HAL_ADC_LevelOutOfWindowCallback
                0x0000000008007264       0x14 ./Drivers/STM32F4xx_HAL_Driver/Src/stm32f4xx_hal_adc.o
                0x0000000008007264                HAL_ADC_LevelOutOfWindowCallback
 .text.HAL_ADC_ErrorCallback
                0x0000000008007278       0x14 ./Drivers/STM32F4xx_HAL_Driver/Src/stm32f4xx_hal_adc.o
                0x0000000008007278                HAL_ADC_ErrorCallback
 .text.HAL_ADC_ConfigChannel
                0x000000000800728c      0x244 ./Drivers/STM32F4xx_HAL_Driver/Src/stm32f4xx_hal_adc.o
                0x000000000800728c                HAL_ADC_ConfigChannel
 .text.ADC_Init
                0x00000000080074d0      0x1f8 ./Drivers/STM32F4xx_HAL_Driver/Src/stm32f4xx_hal_adc.o
 .text.ADC_DMAConvCplt
                0x00000000080076c8       0xba ./Drivers/STM32F4xx_HAL_Driver/Src/stm32f4xx_hal_adc.o
 .text.ADC_DMAHalfConvCplt
                0x0000000008007782       0x1c ./Drivers/STM32F4xx_HAL_Driver/Src/stm32f4xx_hal_adc.o
 .text.ADC_DMAError
                0x000000000800779e       0x2e ./Drivers/STM32F4xx_HAL_Driver/Src/stm32f4xx_hal_adc.o
 .text.HAL_ADCEx_InjectedConvCpltCallback
                0x00000000080077cc       0x14 ./Drivers/STM32F4xx_HAL_Driver/Src/stm32f4xx_hal_adc_ex.o
                0x00000000080077cc                HAL_ADCEx_InjectedConvCpltCallback
 .text.__NVIC_SetPriorityGrouping
                0x00000000080077e0       0x48 ./Drivers/STM32F4xx_HAL_Driver/Src/stm32f4xx_hal_cortex.o
 .text.__NVIC_GetPriorityGrouping
                0x0000000008007828       0x1c ./Drivers/STM32F4xx_HAL_Driver/Src/stm32f4xx_hal_cortex.o
 .text.__NVIC_EnableIRQ
                0x0000000008007844       0x3c ./Drivers/STM32F4xx_HAL_Driver/Src/stm32f4xx_hal_cortex.o
 .text.__NVIC_SetPriority
                0x0000000008007880       0x54 ./Drivers/STM32F4xx_HAL_Driver/Src/stm32f4xx_hal_cortex.o
 .text.NVIC_EncodePriority
                0x00000000080078d4       0x66 ./Drivers/STM32F4xx_HAL_Driver/Src/stm32f4xx_hal_cortex.o
 *fill*         0x000000000800793a        0x2 
 .text.SysTick_Config
                0x000000000800793c       0x44 ./Drivers/STM32F4xx_HAL_Driver/Src/stm32f4xx_hal_cortex.o
 .text.HAL_NVIC_SetPriorityGrouping
                0x0000000008007980       0x16 ./Drivers/STM32F4xx_HAL_Driver/Src/stm32f4xx_hal_cortex.o
                0x0000000008007980                HAL_NVIC_SetPriorityGrouping
 .text.HAL_NVIC_SetPriority
                0x0000000008007996       0x38 ./Drivers/STM32F4xx_HAL_Driver/Src/stm32f4xx_hal_cortex.o
                0x0000000008007996                HAL_NVIC_SetPriority
 .text.HAL_NVIC_EnableIRQ
                0x00000000080079ce       0x1c ./Drivers/STM32F4xx_HAL_Driver/Src/stm32f4xx_hal_cortex.o
                0x00000000080079ce                HAL_NVIC_EnableIRQ
 .text.HAL_SYSTICK_Config
                0x00000000080079ea       0x18 ./Drivers/STM32F4xx_HAL_Driver/Src/stm32f4xx_hal_cortex.o
                0x00000000080079ea                HAL_SYSTICK_Config
 .text.HAL_DAC_Init
                0x0000000008007a02       0x44 ./Drivers/STM32F4xx_HAL_Driver/Src/stm32f4xx_hal_dac.o
                0x0000000008007a02                HAL_DAC_Init
 *fill*         0x0000000008007a46        0x2 
 .text.HAL_DAC_Start_DMA
                0x0000000008007a48      0x19c ./Drivers/STM32F4xx_HAL_Driver/Src/stm32f4xx_hal_dac.o
                0x0000000008007a48                HAL_DAC_Start_DMA
 .text.HAL_DAC_ConvCpltCallbackCh1
                0x0000000008007be4       0x14 ./Drivers/STM32F4xx_HAL_Driver/Src/stm32f4xx_hal_dac.o
                0x0000000008007be4                HAL_DAC_ConvCpltCallbackCh1
 .text.HAL_DAC_ConvHalfCpltCallbackCh1
                0x0000000008007bf8       0x14 ./Drivers/STM32F4xx_HAL_Driver/Src/stm32f4xx_hal_dac.o
                0x0000000008007bf8                HAL_DAC_ConvHalfCpltCallbackCh1
 .text.HAL_DAC_ErrorCallbackCh1
                0x0000000008007c0c       0x14 ./Drivers/STM32F4xx_HAL_Driver/Src/stm32f4xx_hal_dac.o
                0x0000000008007c0c                HAL_DAC_ErrorCallbackCh1
 .text.HAL_DAC_ConfigChannel
                0x0000000008007c20       0x9e ./Drivers/STM32F4xx_HAL_Driver/Src/stm32f4xx_hal_dac.o
                0x0000000008007c20                HAL_DAC_ConfigChannel
 .text.DAC_DMAConvCpltCh1
                0x0000000008007cbe       0x22 ./Drivers/STM32F4xx_HAL_Driver/Src/stm32f4xx_hal_dac.o
                0x0000000008007cbe                DAC_DMAConvCpltCh1
 .text.DAC_DMAHalfConvCpltCh1
                0x0000000008007ce0       0x1c ./Drivers/STM32F4xx_HAL_Driver/Src/stm32f4xx_hal_dac.o
                0x0000000008007ce0                DAC_DMAHalfConvCpltCh1
 .text.DAC_DMAErrorCh1
                0x0000000008007cfc       0x2e ./Drivers/STM32F4xx_HAL_Driver/Src/stm32f4xx_hal_dac.o
                0x0000000008007cfc                DAC_DMAErrorCh1
 .text.HAL_DACEx_ConvCpltCallbackCh2
                0x0000000008007d2a       0x14 ./Drivers/STM32F4xx_HAL_Driver/Src/stm32f4xx_hal_dac_ex.o
                0x0000000008007d2a                HAL_DACEx_ConvCpltCallbackCh2
 .text.HAL_DACEx_ConvHalfCpltCallbackCh2
                0x0000000008007d3e       0x14 ./Drivers/STM32F4xx_HAL_Driver/Src/stm32f4xx_hal_dac_ex.o
                0x0000000008007d3e                HAL_DACEx_ConvHalfCpltCallbackCh2
 .text.HAL_DACEx_ErrorCallbackCh2
                0x0000000008007d52       0x14 ./Drivers/STM32F4xx_HAL_Driver/Src/stm32f4xx_hal_dac_ex.o
                0x0000000008007d52                HAL_DACEx_ErrorCallbackCh2
 .text.DAC_DMAConvCpltCh2
                0x0000000008007d66       0x22 ./Drivers/STM32F4xx_HAL_Driver/Src/stm32f4xx_hal_dac_ex.o
                0x0000000008007d66                DAC_DMAConvCpltCh2
 .text.DAC_DMAHalfConvCpltCh2
                0x0000000008007d88       0x1c ./Drivers/STM32F4xx_HAL_Driver/Src/stm32f4xx_hal_dac_ex.o
                0x0000000008007d88                DAC_DMAHalfConvCpltCh2
 .text.DAC_DMAErrorCh2
                0x0000000008007da4       0x2e ./Drivers/STM32F4xx_HAL_Driver/Src/stm32f4xx_hal_dac_ex.o
                0x0000000008007da4                DAC_DMAErrorCh2
 *fill*         0x0000000008007dd2        0x2 
 .text.HAL_DMA_Init
                0x0000000008007dd4      0x15c ./Drivers/STM32F4xx_HAL_Driver/Src/stm32f4xx_hal_dma.o
                0x0000000008007dd4                HAL_DMA_Init
 .text.HAL_DMA_Start_IT
                0x0000000008007f30       0xb0 ./Drivers/STM32F4xx_HAL_Driver/Src/stm32f4xx_hal_dma.o
                0x0000000008007f30                HAL_DMA_Start_IT
 .text.HAL_DMA_IRQHandler
                0x0000000008007fe0      0x314 ./Drivers/STM32F4xx_HAL_Driver/Src/stm32f4xx_hal_dma.o
                0x0000000008007fe0                HAL_DMA_IRQHandler
 .text.DMA_SetConfig
                0x00000000080082f4       0x5c ./Drivers/STM32F4xx_HAL_Driver/Src/stm32f4xx_hal_dma.o
 .text.DMA_CalcBaseAndBitshift
                0x0000000008008350       0x6c ./Drivers/STM32F4xx_HAL_Driver/Src/stm32f4xx_hal_dma.o
 .text.DMA_CheckFifoParam
                0x00000000080083bc       0xf8 ./Drivers/STM32F4xx_HAL_Driver/Src/stm32f4xx_hal_dma.o
 .text.HAL_GPIO_Init
                0x00000000080084b4      0x338 ./Drivers/STM32F4xx_HAL_Driver/Src/stm32f4xx_hal_gpio.o
                0x00000000080084b4                HAL_GPIO_Init
 .text.HAL_GPIO_ReadPin
                0x00000000080087ec       0x30 ./Drivers/STM32F4xx_HAL_Driver/Src/stm32f4xx_hal_gpio.o
                0x00000000080087ec                HAL_GPIO_ReadPin
 .text.HAL_GPIO_WritePin
                0x000000000800881c       0x32 ./Drivers/STM32F4xx_HAL_Driver/Src/stm32f4xx_hal_gpio.o
                0x000000000800881c                HAL_GPIO_WritePin
 .text.HAL_GPIO_TogglePin
                0x000000000800884e       0x34 ./Drivers/STM32F4xx_HAL_Driver/Src/stm32f4xx_hal_gpio.o
                0x000000000800884e                HAL_GPIO_TogglePin
 *fill*         0x0000000008008882        0x2 
 .text.HAL_I2C_Init
                0x0000000008008884      0x288 ./Drivers/STM32F4xx_HAL_Driver/Src/stm32f4xx_hal_i2c.o
                0x0000000008008884                HAL_I2C_Init
 .text.HAL_I2C_Master_Transmit
                0x0000000008008b0c      0x1fc ./Drivers/STM32F4xx_HAL_Driver/Src/stm32f4xx_hal_i2c.o
                0x0000000008008b0c                HAL_I2C_Master_Transmit
 .text.HAL_I2C_Master_Receive
                0x0000000008008d08      0x44c ./Drivers/STM32F4xx_HAL_Driver/Src/stm32f4xx_hal_i2c.o
                0x0000000008008d08                HAL_I2C_Master_Receive
 .text.HAL_I2C_Mem_Write
                0x0000000008009154      0x1f4 ./Drivers/STM32F4xx_HAL_Driver/Src/stm32f4xx_hal_i2c.o
                0x0000000008009154                HAL_I2C_Mem_Write
 .text.HAL_I2C_Mem_Read
                0x0000000008009348      0x44c ./Drivers/STM32F4xx_HAL_Driver/Src/stm32f4xx_hal_i2c.o
                0x0000000008009348                HAL_I2C_Mem_Read
 .text.I2C_MasterRequestWrite
                0x0000000008009794      0x104 ./Drivers/STM32F4xx_HAL_Driver/Src/stm32f4xx_hal_i2c.o
 .text.I2C_MasterRequestRead
                0x0000000008009898      0x19c ./Drivers/STM32F4xx_HAL_Driver/Src/stm32f4xx_hal_i2c.o
 .text.I2C_RequestMemoryWrite
                0x0000000008009a34      0x12c ./Drivers/STM32F4xx_HAL_Driver/Src/stm32f4xx_hal_i2c.o
 .text.I2C_RequestMemoryRead
                0x0000000008009b60      0x1d0 ./Drivers/STM32F4xx_HAL_Driver/Src/stm32f4xx_hal_i2c.o
 .text.I2C_WaitOnFlagUntilTimeout
                0x0000000008009d30       0xae ./Drivers/STM32F4xx_HAL_Driver/Src/stm32f4xx_hal_i2c.o
 .text.I2C_WaitOnMasterAddressFlagUntilTimeout
                0x0000000008009dde       0xfe ./Drivers/STM32F4xx_HAL_Driver/Src/stm32f4xx_hal_i2c.o
 .text.I2C_WaitOnTXEFlagUntilTimeout
                0x0000000008009edc       0x82 ./Drivers/STM32F4xx_HAL_Driver/Src/stm32f4xx_hal_i2c.o
 .text.I2C_WaitOnBTFFlagUntilTimeout
                0x0000000008009f5e       0x82 ./Drivers/STM32F4xx_HAL_Driver/Src/stm32f4xx_hal_i2c.o
 .text.I2C_WaitOnRXNEFlagUntilTimeout
                0x0000000008009fe0       0xac ./Drivers/STM32F4xx_HAL_Driver/Src/stm32f4xx_hal_i2c.o
 .text.I2C_IsAcknowledgeFailed
                0x000000000800a08c       0x5e ./Drivers/STM32F4xx_HAL_Driver/Src/stm32f4xx_hal_i2c.o
 *fill*         0x000000000800a0ea        0x2 
 .text.HAL_RCC_OscConfig
                0x000000000800a0ec      0x4f0 ./Drivers/STM32F4xx_HAL_Driver/Src/stm32f4xx_hal_rcc.o
                0x000000000800a0ec                HAL_RCC_OscConfig
 .text.HAL_RCC_ClockConfig
                0x000000000800a5dc      0x1cc ./Drivers/STM32F4xx_HAL_Driver/Src/stm32f4xx_hal_rcc.o
                0x000000000800a5dc                HAL_RCC_ClockConfig
 .text.HAL_RCC_GetSysClockFreq
                0x000000000800a7a8      0x20c ./Drivers/STM32F4xx_HAL_Driver/Src/stm32f4xx_hal_rcc.o
                0x000000000800a7a8                HAL_RCC_GetSysClockFreq
 .text.HAL_RCC_GetHCLKFreq
                0x000000000800a9b4       0x18 ./Drivers/STM32F4xx_HAL_Driver/Src/stm32f4xx_hal_rcc.o
                0x000000000800a9b4                HAL_RCC_GetHCLKFreq
 .text.HAL_RCC_GetPCLK1Freq
                0x000000000800a9cc       0x28 ./Drivers/STM32F4xx_HAL_Driver/Src/stm32f4xx_hal_rcc.o
                0x000000000800a9cc                HAL_RCC_GetPCLK1Freq
 .text.HAL_RCC_GetPCLK2Freq
                0x000000000800a9f4       0x28 ./Drivers/STM32F4xx_HAL_Driver/Src/stm32f4xx_hal_rcc.o
                0x000000000800a9f4                HAL_RCC_GetPCLK2Freq
 .text.HAL_RCCEx_PeriphCLKConfig
                0x000000000800aa1c      0x1c4 ./Drivers/STM32F4xx_HAL_Driver/Src/stm32f4xx_hal_rcc_ex.o
                0x000000000800aa1c                HAL_RCCEx_PeriphCLKConfig
 .text.HAL_RTC_Init
                0x000000000800abe0       0xec ./Drivers/STM32F4xx_HAL_Driver/Src/stm32f4xx_hal_rtc.o
                0x000000000800abe0                HAL_RTC_Init
 .text.HAL_RTC_SetTime
                0x000000000800accc      0x134 ./Drivers/STM32F4xx_HAL_Driver/Src/stm32f4xx_hal_rtc.o
                0x000000000800accc                HAL_RTC_SetTime
 .text.HAL_RTC_GetTime
                0x000000000800ae00       0xbc ./Drivers/STM32F4xx_HAL_Driver/Src/stm32f4xx_hal_rtc.o
                0x000000000800ae00                HAL_RTC_GetTime
 .text.HAL_RTC_SetDate
                0x000000000800aebc      0x108 ./Drivers/STM32F4xx_HAL_Driver/Src/stm32f4xx_hal_rtc.o
                0x000000000800aebc                HAL_RTC_SetDate
 .text.HAL_RTC_GetDate
                0x000000000800afc4       0x9e ./Drivers/STM32F4xx_HAL_Driver/Src/stm32f4xx_hal_rtc.o
                0x000000000800afc4                HAL_RTC_GetDate
 .text.HAL_RTC_WaitForSynchro
                0x000000000800b062       0x50 ./Drivers/STM32F4xx_HAL_Driver/Src/stm32f4xx_hal_rtc.o
                0x000000000800b062                HAL_RTC_WaitForSynchro
 .text.RTC_EnterInitMode
                0x000000000800b0b2       0x6e ./Drivers/STM32F4xx_HAL_Driver/Src/stm32f4xx_hal_rtc.o
                0x000000000800b0b2                RTC_EnterInitMode
 .text.RTC_ExitInitMode
                0x000000000800b120       0x4a ./Drivers/STM32F4xx_HAL_Driver/Src/stm32f4xx_hal_rtc.o
                0x000000000800b120                RTC_ExitInitMode
 .text.RTC_ByteToBcd2
                0x000000000800b16a       0x3a ./Drivers/STM32F4xx_HAL_Driver/Src/stm32f4xx_hal_rtc.o
                0x000000000800b16a                RTC_ByteToBcd2
 .text.RTC_Bcd2ToByte
                0x000000000800b1a4       0x38 ./Drivers/STM32F4xx_HAL_Driver/Src/stm32f4xx_hal_rtc.o
                0x000000000800b1a4                RTC_Bcd2ToByte
 .text.HAL_SD_Init
                0x000000000800b1dc       0x60 ./Drivers/STM32F4xx_HAL_Driver/Src/stm32f4xx_hal_sd.o
                0x000000000800b1dc                HAL_SD_Init
 .text.HAL_SD_InitCard
                0x000000000800b23c      0x100 ./Drivers/STM32F4xx_HAL_Driver/Src/stm32f4xx_hal_sd.o
                0x000000000800b23c                HAL_SD_InitCard
 .text.HAL_SD_ReadBlocks
                0x000000000800b33c      0x3bc ./Drivers/STM32F4xx_HAL_Driver/Src/stm32f4xx_hal_sd.o
                0x000000000800b33c                HAL_SD_ReadBlocks
 .text.HAL_SD_WriteBlocks
                0x000000000800b6f8      0x30c ./Drivers/STM32F4xx_HAL_Driver/Src/stm32f4xx_hal_sd.o
                0x000000000800b6f8                HAL_SD_WriteBlocks
 .text.HAL_SD_GetCardCSD
                0x000000000800ba04      0x348 ./Drivers/STM32F4xx_HAL_Driver/Src/stm32f4xx_hal_sd.o
                0x000000000800ba04                HAL_SD_GetCardCSD
 .text.HAL_SD_GetCardInfo
                0x000000000800bd4c       0x58 ./Drivers/STM32F4xx_HAL_Driver/Src/stm32f4xx_hal_sd.o
                0x000000000800bd4c                HAL_SD_GetCardInfo
 .text.HAL_SD_GetCardState
                0x000000000800bda4       0x40 ./Drivers/STM32F4xx_HAL_Driver/Src/stm32f4xx_hal_sd.o
                0x000000000800bda4                HAL_SD_GetCardState
 .text.SD_InitCard
                0x000000000800bde4      0x19c ./Drivers/STM32F4xx_HAL_Driver/Src/stm32f4xx_hal_sd.o
 .text.SD_PowerON
                0x000000000800bf80      0x11c ./Drivers/STM32F4xx_HAL_Driver/Src/stm32f4xx_hal_sd.o
 .text.SD_SendStatus
                0x000000000800c09c       0x50 ./Drivers/STM32F4xx_HAL_Driver/Src/stm32f4xx_hal_sd.o
 .text.HAL_SRAM_Init
                0x000000000800c0ec       0x90 ./Drivers/STM32F4xx_HAL_Driver/Src/stm32f4xx_hal_sram.o
                0x000000000800c0ec                HAL_SRAM_Init
 .text.HAL_TIM_Base_Init
                0x000000000800c17c       0x9e ./Drivers/STM32F4xx_HAL_Driver/Src/stm32f4xx_hal_tim.o
                0x000000000800c17c                HAL_TIM_Base_Init
 *fill*         0x000000000800c21a        0x2 
 .text.HAL_TIM_Base_Start
                0x000000000800c21c       0xd0 ./Drivers/STM32F4xx_HAL_Driver/Src/stm32f4xx_hal_tim.o
                0x000000000800c21c                HAL_TIM_Base_Start
 .text.HAL_TIM_ConfigClockSource
                0x000000000800c2ec      0x18e ./Drivers/STM32F4xx_HAL_Driver/Src/stm32f4xx_hal_tim.o
                0x000000000800c2ec                HAL_TIM_ConfigClockSource
 *fill*         0x000000000800c47a        0x2 
 .text.TIM_Base_SetConfig
                0x000000000800c47c      0x140 ./Drivers/STM32F4xx_HAL_Driver/Src/stm32f4xx_hal_tim.o
                0x000000000800c47c                TIM_Base_SetConfig
 .text.TIM_TI1_ConfigInputStage
                0x000000000800c5bc       0x5e ./Drivers/STM32F4xx_HAL_Driver/Src/stm32f4xx_hal_tim.o
 .text.TIM_TI2_ConfigInputStage
                0x000000000800c61a       0x60 ./Drivers/STM32F4xx_HAL_Driver/Src/stm32f4xx_hal_tim.o
 .text.TIM_ITRx_SetConfig
                0x000000000800c67a       0x36 ./Drivers/STM32F4xx_HAL_Driver/Src/stm32f4xx_hal_tim.o
 .text.TIM_ETR_SetConfig
                0x000000000800c6b0       0x40 ./Drivers/STM32F4xx_HAL_Driver/Src/stm32f4xx_hal_tim.o
                0x000000000800c6b0                TIM_ETR_SetConfig
 .text.HAL_TIMEx_MasterConfigSynchronization
                0x000000000800c6f0       0xf8 ./Drivers/STM32F4xx_HAL_Driver/Src/stm32f4xx_hal_tim_ex.o
                0x000000000800c6f0                HAL_TIMEx_MasterConfigSynchronization
 .text.HAL_UART_Init
                0x000000000800c7e8       0x9a ./Drivers/STM32F4xx_HAL_Driver/Src/stm32f4xx_hal_uart.o
                0x000000000800c7e8                HAL_UART_Init
 .text.HAL_UART_Receive
                0x000000000800c882      0x144 ./Drivers/STM32F4xx_HAL_Driver/Src/stm32f4xx_hal_uart.o
                0x000000000800c882                HAL_UART_Receive
 .text.UART_WaitOnFlagUntilTimeout
                0x000000000800c9c6       0xdc ./Drivers/STM32F4xx_HAL_Driver/Src/stm32f4xx_hal_uart.o
 *fill*         0x000000000800caa2        0x2 
 .text.UART_SetConfig
                0x000000000800caa4      0x4e8 ./Drivers/STM32F4xx_HAL_Driver/Src/stm32f4xx_hal_uart.o
 .text.FSMC_NORSRAM_Init
                0x000000000800cf8c       0xd4 ./Drivers/STM32F4xx_HAL_Driver/Src/stm32f4xx_ll_fsmc.o
                0x000000000800cf8c                FSMC_NORSRAM_Init
 .text.FSMC_NORSRAM_Timing_Init
                0x000000000800d060       0x6a ./Drivers/STM32F4xx_HAL_Driver/Src/stm32f4xx_ll_fsmc.o
                0x000000000800d060                FSMC_NORSRAM_Timing_Init
 *fill*         0x000000000800d0ca        0x2 
 .text.FSMC_NORSRAM_Extended_Timing_Init
                0x000000000800d0cc       0x70 ./Drivers/STM32F4xx_HAL_Driver/Src/stm32f4xx_ll_fsmc.o
                0x000000000800d0cc                FSMC_NORSRAM_Extended_Timing_Init
 .text.SDIO_Init
                0x000000000800d13c       0x56 ./Drivers/STM32F4xx_HAL_Driver/Src/stm32f4xx_ll_sdmmc.o
                0x000000000800d13c                SDIO_Init
 .text.SDIO_ReadFIFO
                0x000000000800d192       0x1a ./Drivers/STM32F4xx_HAL_Driver/Src/stm32f4xx_ll_sdmmc.o
                0x000000000800d192                SDIO_ReadFIFO
 .text.SDIO_WriteFIFO
                0x000000000800d1ac       0x22 ./Drivers/STM32F4xx_HAL_Driver/Src/stm32f4xx_ll_sdmmc.o
                0x000000000800d1ac                SDIO_WriteFIFO
 .text.SDIO_PowerState_ON
                0x000000000800d1ce       0x1c ./Drivers/STM32F4xx_HAL_Driver/Src/stm32f4xx_ll_sdmmc.o
                0x000000000800d1ce                SDIO_PowerState_ON
 .text.SDIO_GetPowerState
                0x000000000800d1ea       0x1c ./Drivers/STM32F4xx_HAL_Driver/Src/stm32f4xx_ll_sdmmc.o
                0x000000000800d1ea                SDIO_GetPowerState
 .text.SDIO_SendCommand
                0x000000000800d206       0x54 ./Drivers/STM32F4xx_HAL_Driver/Src/stm32f4xx_ll_sdmmc.o
                0x000000000800d206                SDIO_SendCommand
 .text.SDIO_GetCommandResponse
                0x000000000800d25a       0x1a ./Drivers/STM32F4xx_HAL_Driver/Src/stm32f4xx_ll_sdmmc.o
                0x000000000800d25a                SDIO_GetCommandResponse
 .text.SDIO_GetResponse
                0x000000000800d274       0x26 ./Drivers/STM32F4xx_HAL_Driver/Src/stm32f4xx_ll_sdmmc.o
                0x000000000800d274                SDIO_GetResponse
 .text.SDIO_ConfigData
                0x000000000800d29a       0x58 ./Drivers/STM32F4xx_HAL_Driver/Src/stm32f4xx_ll_sdmmc.o
                0x000000000800d29a                SDIO_ConfigData
 .text.SDMMC_CmdBlockLength
                0x000000000800d2f2       0x44 ./Drivers/STM32F4xx_HAL_Driver/Src/stm32f4xx_ll_sdmmc.o
                0x000000000800d2f2                SDMMC_CmdBlockLength
 .text.SDMMC_CmdReadSingleBlock
                0x000000000800d336       0x44 ./Drivers/STM32F4xx_HAL_Driver/Src/stm32f4xx_ll_sdmmc.o
                0x000000000800d336                SDMMC_CmdReadSingleBlock
 .text.SDMMC_CmdReadMultiBlock
                0x000000000800d37a       0x44 ./Drivers/STM32F4xx_HAL_Driver/Src/stm32f4xx_ll_sdmmc.o
                0x000000000800d37a                SDMMC_CmdReadMultiBlock
 .text.SDMMC_CmdWriteSingleBlock
                0x000000000800d3be       0x44 ./Drivers/STM32F4xx_HAL_Driver/Src/stm32f4xx_ll_sdmmc.o
                0x000000000800d3be                SDMMC_CmdWriteSingleBlock
 .text.SDMMC_CmdWriteMultiBlock
                0x000000000800d402       0x44 ./Drivers/STM32F4xx_HAL_Driver/Src/stm32f4xx_ll_sdmmc.o
                0x000000000800d402                SDMMC_CmdWriteMultiBlock
 *fill*         0x000000000800d446        0x2 
 .text.SDMMC_CmdStopTransfer
                0x000000000800d448       0x44 ./Drivers/STM32F4xx_HAL_Driver/Src/stm32f4xx_ll_sdmmc.o
                0x000000000800d448                SDMMC_CmdStopTransfer
 .text.SDMMC_CmdSelDesel
                0x000000000800d48c       0x46 ./Drivers/STM32F4xx_HAL_Driver/Src/stm32f4xx_ll_sdmmc.o
                0x000000000800d48c                SDMMC_CmdSelDesel
 .text.SDMMC_CmdGoIdleState
                0x000000000800d4d2       0x3c ./Drivers/STM32F4xx_HAL_Driver/Src/stm32f4xx_ll_sdmmc.o
                0x000000000800d4d2                SDMMC_CmdGoIdleState
 .text.SDMMC_CmdOperCond
                0x000000000800d50e       0x3e ./Drivers/STM32F4xx_HAL_Driver/Src/stm32f4xx_ll_sdmmc.o
                0x000000000800d50e                SDMMC_CmdOperCond
 .text.SDMMC_CmdAppCommand
                0x000000000800d54c       0x44 ./Drivers/STM32F4xx_HAL_Driver/Src/stm32f4xx_ll_sdmmc.o
                0x000000000800d54c                SDMMC_CmdAppCommand
 .text.SDMMC_CmdAppOperCommand
                0x000000000800d590       0x46 ./Drivers/STM32F4xx_HAL_Driver/Src/stm32f4xx_ll_sdmmc.o
                0x000000000800d590                SDMMC_CmdAppOperCommand
 .text.SDMMC_CmdSendCID
                0x000000000800d5d6       0x3c ./Drivers/STM32F4xx_HAL_Driver/Src/stm32f4xx_ll_sdmmc.o
                0x000000000800d5d6                SDMMC_CmdSendCID
 .text.SDMMC_CmdSendCSD
                0x000000000800d612       0x3e ./Drivers/STM32F4xx_HAL_Driver/Src/stm32f4xx_ll_sdmmc.o
                0x000000000800d612                SDMMC_CmdSendCSD
 .text.SDMMC_CmdSetRelAdd
                0x000000000800d650       0x42 ./Drivers/STM32F4xx_HAL_Driver/Src/stm32f4xx_ll_sdmmc.o
                0x000000000800d650                SDMMC_CmdSetRelAdd
 .text.SDMMC_CmdSendStatus
                0x000000000800d692       0x44 ./Drivers/STM32F4xx_HAL_Driver/Src/stm32f4xx_ll_sdmmc.o
                0x000000000800d692                SDMMC_CmdSendStatus
 *fill*         0x000000000800d6d6        0x2 
 .text.SDMMC_GetCmdResp1
                0x000000000800d6d8      0x1dc ./Drivers/STM32F4xx_HAL_Driver/Src/stm32f4xx_ll_sdmmc.o
                0x000000000800d6d8                SDMMC_GetCmdResp1
 .text.SDMMC_GetCmdResp2
                0x000000000800d8b4       0x90 ./Drivers/STM32F4xx_HAL_Driver/Src/stm32f4xx_ll_sdmmc.o
                0x000000000800d8b4                SDMMC_GetCmdResp2
 .text.SDMMC_GetCmdResp3
                0x000000000800d944       0x7c ./Drivers/STM32F4xx_HAL_Driver/Src/stm32f4xx_ll_sdmmc.o
                0x000000000800d944                SDMMC_GetCmdResp3
 .text.SDMMC_GetCmdResp6
                0x000000000800d9c0       0xec ./Drivers/STM32F4xx_HAL_Driver/Src/stm32f4xx_ll_sdmmc.o
                0x000000000800d9c0                SDMMC_GetCmdResp6
 .text.SDMMC_GetCmdResp7
                0x000000000800daac       0x9c ./Drivers/STM32F4xx_HAL_Driver/Src/stm32f4xx_ll_sdmmc.o
                0x000000000800daac                SDMMC_GetCmdResp7
 .text.SDMMC_GetCmdError
                0x000000000800db48       0x58 ./Drivers/STM32F4xx_HAL_Driver/Src/stm32f4xx_ll_sdmmc.o
 .text.MX_FATFS_Init
                0x000000000800dba0       0x24 ./FATFS/App/fatfs.o
                0x000000000800dba0                MX_FATFS_Init
 .text.get_fattime
                0x000000000800dbc4       0x10 ./FATFS/App/fatfs.o
                0x000000000800dbc4                get_fattime
 .text.BSP_SD_Init
                0x000000000800dbd4       0x30 ./FATFS/Target/bsp_driver_sd.o
                0x000000000800dbd4                BSP_SD_Init
 .text.BSP_SD_ReadBlocks
                0x000000000800dc04       0x3c ./FATFS/Target/bsp_driver_sd.o
                0x000000000800dc04                BSP_SD_ReadBlocks
 .text.BSP_SD_WriteBlocks
                0x000000000800dc40       0x3c ./FATFS/Target/bsp_driver_sd.o
                0x000000000800dc40                BSP_SD_WriteBlocks
 .text.BSP_SD_GetCardState
                0x000000000800dc7c       0x20 ./FATFS/Target/bsp_driver_sd.o
                0x000000000800dc7c                BSP_SD_GetCardState
 .text.BSP_SD_GetCardInfo
                0x000000000800dc9c       0x1c ./FATFS/Target/bsp_driver_sd.o
                0x000000000800dc9c                BSP_SD_GetCardInfo
 .text.BSP_SD_IsDetected
                0x000000000800dcb8       0x1a ./FATFS/Target/bsp_driver_sd.o
                0x000000000800dcb8                BSP_SD_IsDetected
 *fill*         0x000000000800dcd2        0x2 
 .text.SD_CheckStatus
                0x000000000800dcd4       0x3c ./FATFS/Target/sd_diskio.o
 .text.SD_initialize
                0x000000000800dd10       0x3c ./FATFS/Target/sd_diskio.o
                0x000000000800dd10                SD_initialize
 .text.SD_status
                0x000000000800dd4c       0x1c ./FATFS/Target/sd_diskio.o
                0x000000000800dd4c                SD_status
 .text.SD_read  0x000000000800dd68       0x42 ./FATFS/Target/sd_diskio.o
                0x000000000800dd68                SD_read
 .text.SD_write
                0x000000000800ddaa       0x42 ./FATFS/Target/sd_diskio.o
                0x000000000800ddaa                SD_write
 .text.SD_ioctl
                0x000000000800ddec       0xb0 ./FATFS/Target/sd_diskio.o
                0x000000000800ddec                SD_ioctl
 .text.disk_status
                0x000000000800de9c       0x34 ./Middlewares/Third_Party/FatFs/src/diskio.o
                0x000000000800de9c                disk_status
 .text.disk_initialize
                0x000000000800ded0       0x4c ./Middlewares/Third_Party/FatFs/src/diskio.o
                0x000000000800ded0                disk_initialize
 .text.disk_read
                0x000000000800df1c       0x40 ./Middlewares/Third_Party/FatFs/src/diskio.o
                0x000000000800df1c                disk_read
 .text.disk_write
                0x000000000800df5c       0x40 ./Middlewares/Third_Party/FatFs/src/diskio.o
                0x000000000800df5c                disk_write
 .text.disk_ioctl
                0x000000000800df9c       0x3c ./Middlewares/Third_Party/FatFs/src/diskio.o
                0x000000000800df9c                disk_ioctl
 .text.ld_word  0x000000000800dfd8       0x30 ./Middlewares/Third_Party/FatFs/src/ff.o
 .text.ld_dword
                0x000000000800e008       0x46 ./Middlewares/Third_Party/FatFs/src/ff.o
 .text.st_word  0x000000000800e04e       0x36 ./Middlewares/Third_Party/FatFs/src/ff.o
 .text.st_dword
                0x000000000800e084       0x58 ./Middlewares/Third_Party/FatFs/src/ff.o
 .text.mem_cpy  0x000000000800e0dc       0x42 ./Middlewares/Third_Party/FatFs/src/ff.o
 .text.mem_set  0x000000000800e11e       0x36 ./Middlewares/Third_Party/FatFs/src/ff.o
 .text.mem_cmp  0x000000000800e154       0x4e ./Middlewares/Third_Party/FatFs/src/ff.o
 .text.chk_chr  0x000000000800e1a2       0x36 ./Middlewares/Third_Party/FatFs/src/ff.o
 .text.chk_lock
                0x000000000800e1d8       0xb8 ./Middlewares/Third_Party/FatFs/src/ff.o
 .text.enq_lock
                0x000000000800e290       0x44 ./Middlewares/Third_Party/FatFs/src/ff.o
 .text.inc_lock
                0x000000000800e2d4      0x11c ./Middlewares/Third_Party/FatFs/src/ff.o
 .text.dec_lock
                0x000000000800e3f0       0x78 ./Middlewares/Third_Party/FatFs/src/ff.o
 .text.clear_lock
                0x000000000800e468       0x48 ./Middlewares/Third_Party/FatFs/src/ff.o
 .text.sync_window
                0x000000000800e4b0       0x88 ./Middlewares/Third_Party/FatFs/src/ff.o
 .text.move_window
                0x000000000800e538       0x5a ./Middlewares/Third_Party/FatFs/src/ff.o
 *fill*         0x000000000800e592        0x2 
 .text.sync_fs  0x000000000800e594       0xe0 ./Middlewares/Third_Party/FatFs/src/ff.o
 .text.clust2sect
                0x000000000800e674       0x3e ./Middlewares/Third_Party/FatFs/src/ff.o
 .text.get_fat  0x000000000800e6b2      0x1a8 ./Middlewares/Third_Party/FatFs/src/ff.o
 .text.put_fat  0x000000000800e85a      0x234 ./Middlewares/Third_Party/FatFs/src/ff.o
 .text.remove_chain
                0x000000000800ea8e       0xca ./Middlewares/Third_Party/FatFs/src/ff.o
 .text.create_chain
                0x000000000800eb58      0x130 ./Middlewares/Third_Party/FatFs/src/ff.o
 .text.clmt_clust
                0x000000000800ec88       0x70 ./Middlewares/Third_Party/FatFs/src/ff.o
 .text.dir_sdi  0x000000000800ecf8      0x112 ./Middlewares/Third_Party/FatFs/src/ff.o
 .text.dir_next
                0x000000000800ee0a      0x1ac ./Middlewares/Third_Party/FatFs/src/ff.o
 .text.dir_alloc
                0x000000000800efb6       0x8e ./Middlewares/Third_Party/FatFs/src/ff.o
 .text.ld_clust
                0x000000000800f044       0x3e ./Middlewares/Third_Party/FatFs/src/ff.o
 .text.st_clust
                0x000000000800f082       0x40 ./Middlewares/Third_Party/FatFs/src/ff.o
 *fill*         0x000000000800f0c2        0x2 
 .text.cmp_lfn  0x000000000800f0c4       0xe0 ./Middlewares/Third_Party/FatFs/src/ff.o
 .text.put_lfn  0x000000000800f1a4       0xd0 ./Middlewares/Third_Party/FatFs/src/ff.o
 .text.gen_numname
                0x000000000800f274      0x11c ./Middlewares/Third_Party/FatFs/src/ff.o
 .text.sum_sfn  0x000000000800f390       0x42 ./Middlewares/Third_Party/FatFs/src/ff.o
 .text.dir_find
                0x000000000800f3d2      0x180 ./Middlewares/Third_Party/FatFs/src/ff.o
 *fill*         0x000000000800f552        0x2 
 .text.dir_register
                0x000000000800f554      0x1f0 ./Middlewares/Third_Party/FatFs/src/ff.o
 .text.create_name
                0x000000000800f744      0x370 ./Middlewares/Third_Party/FatFs/src/ff.o
 .text.follow_path
                0x000000000800fab4       0xec ./Middlewares/Third_Party/FatFs/src/ff.o
 .text.get_ldnumber
                0x000000000800fba0       0x88 ./Middlewares/Third_Party/FatFs/src/ff.o
 .text.check_fs
                0x000000000800fc28       0xac ./Middlewares/Third_Party/FatFs/src/ff.o
 .text.find_volume
                0x000000000800fcd4      0x50c ./Middlewares/Third_Party/FatFs/src/ff.o
 .text.validate
                0x00000000080101e0       0x6a ./Middlewares/Third_Party/FatFs/src/ff.o
 *fill*         0x000000000801024a        0x2 
 .text.f_mount  0x000000000801024c       0x8c ./Middlewares/Third_Party/FatFs/src/ff.o
                0x000000000801024c                f_mount
 .text.f_open   0x00000000080102d8      0x398 ./Middlewares/Third_Party/FatFs/src/ff.o
                0x00000000080102d8                f_open
 .text.f_read   0x0000000008010670      0x2be ./Middlewares/Third_Party/FatFs/src/ff.o
                0x0000000008010670                f_read
 .text.f_sync   0x000000000801092e       0xfc ./Middlewares/Third_Party/FatFs/src/ff.o
                0x000000000801092e                f_sync
 .text.f_close  0x0000000008010a2a       0x54 ./Middlewares/Third_Party/FatFs/src/ff.o
                0x0000000008010a2a                f_close
 .text.f_gets   0x0000000008010a7e       0x7a ./Middlewares/Third_Party/FatFs/src/ff.o
                0x0000000008010a7e                f_gets
 .text.FATFS_LinkDriverEx
                0x0000000008010af8       0x98 ./Middlewares/Third_Party/FatFs/src/ff_gen_drv.o
                0x0000000008010af8                FATFS_LinkDriverEx
 .text.FATFS_LinkDriver
                0x0000000008010b90       0x1e ./Middlewares/Third_Party/FatFs/src/ff_gen_drv.o
                0x0000000008010b90                FATFS_LinkDriver
 *fill*         0x0000000008010bae        0x2 
 .text.ff_convert
                0x0000000008010bb0       0x78 ./Middlewares/Third_Party/FatFs/src/option/ccsbcs.o
                0x0000000008010bb0                ff_convert
 .text.ff_wtoupper
                0x0000000008010c28      0x114 ./Middlewares/Third_Party/FatFs/src/option/ccsbcs.o
                0x0000000008010c28                ff_wtoupper
 .text.__assert_func
                0x0000000008010d3c       0x3c C:/ST/STM32CubeIDE_1.11.0/STM32CubeIDE/plugins/com.st.stm32cube.ide.mcu.externaltools.gnu-tools-for-stm32.11.3.rel1.win32_1.1.0.202305231506/tools/bin/../lib/gcc/arm-none-eabi/11.3.1/../../../../arm-none-eabi/lib/thumb/v7e-m+fp/hard\libc_nano.a(libc_a-assert.o)
                0x0000000008010d3c                __assert_func
 .text.std      0x0000000008010d78       0x48 C:/ST/STM32CubeIDE_1.11.0/STM32CubeIDE/plugins/com.st.stm32cube.ide.mcu.externaltools.gnu-tools-for-stm32.11.3.rel1.win32_1.1.0.202305231506/tools/bin/../lib/gcc/arm-none-eabi/11.3.1/../../../../arm-none-eabi/lib/thumb/v7e-m+fp/hard\libc_nano.a(libc_a-findfp.o)
 .text.stdio_exit_handler
                0x0000000008010dc0       0x18 C:/ST/STM32CubeIDE_1.11.0/STM32CubeIDE/plugins/com.st.stm32cube.ide.mcu.externaltools.gnu-tools-for-stm32.11.3.rel1.win32_1.1.0.202305231506/tools/bin/../lib/gcc/arm-none-eabi/11.3.1/../../../../arm-none-eabi/lib/thumb/v7e-m+fp/hard\libc_nano.a(libc_a-findfp.o)
 .text.cleanup_stdio
                0x0000000008010dd8       0x40 C:/ST/STM32CubeIDE_1.11.0/STM32CubeIDE/plugins/com.st.stm32cube.ide.mcu.externaltools.gnu-tools-for-stm32.11.3.rel1.win32_1.1.0.202305231506/tools/bin/../lib/gcc/arm-none-eabi/11.3.1/../../../../arm-none-eabi/lib/thumb/v7e-m+fp/hard\libc_nano.a(libc_a-findfp.o)
 .text.global_stdio_init.part.0
                0x0000000008010e18       0x3c C:/ST/STM32CubeIDE_1.11.0/STM32CubeIDE/plugins/com.st.stm32cube.ide.mcu.externaltools.gnu-tools-for-stm32.11.3.rel1.win32_1.1.0.202305231506/tools/bin/../lib/gcc/arm-none-eabi/11.3.1/../../../../arm-none-eabi/lib/thumb/v7e-m+fp/hard\libc_nano.a(libc_a-findfp.o)
 .text.__sfp_lock_acquire
                0x0000000008010e54        0xc C:/ST/STM32CubeIDE_1.11.0/STM32CubeIDE/plugins/com.st.stm32cube.ide.mcu.externaltools.gnu-tools-for-stm32.11.3.rel1.win32_1.1.0.202305231506/tools/bin/../lib/gcc/arm-none-eabi/11.3.1/../../../../arm-none-eabi/lib/thumb/v7e-m+fp/hard\libc_nano.a(libc_a-findfp.o)
                0x0000000008010e54                __sfp_lock_acquire
 .text.__sfp_lock_release
                0x0000000008010e60        0xc C:/ST/STM32CubeIDE_1.11.0/STM32CubeIDE/plugins/com.st.stm32cube.ide.mcu.externaltools.gnu-tools-for-stm32.11.3.rel1.win32_1.1.0.202305231506/tools/bin/../lib/gcc/arm-none-eabi/11.3.1/../../../../arm-none-eabi/lib/thumb/v7e-m+fp/hard\libc_nano.a(libc_a-findfp.o)
                0x0000000008010e60                __sfp_lock_release
 .text.__sinit  0x0000000008010e6c       0x30 C:/ST/STM32CubeIDE_1.11.0/STM32CubeIDE/plugins/com.st.stm32cube.ide.mcu.externaltools.gnu-tools-for-stm32.11.3.rel1.win32_1.1.0.202305231506/tools/bin/../lib/gcc/arm-none-eabi/11.3.1/../../../../arm-none-eabi/lib/thumb/v7e-m+fp/hard\libc_nano.a(libc_a-findfp.o)
                0x0000000008010e6c                __sinit
 .text.fprintf  0x0000000008010e9c       0x24 C:/ST/STM32CubeIDE_1.11.0/STM32CubeIDE/plugins/com.st.stm32cube.ide.mcu.externaltools.gnu-tools-for-stm32.11.3.rel1.win32_1.1.0.202305231506/tools/bin/../lib/gcc/arm-none-eabi/11.3.1/../../../../arm-none-eabi/lib/thumb/v7e-m+fp/hard\libc_nano.a(libc_a-fprintf.o)
                0x0000000008010e9c                fiprintf
                0x0000000008010e9c                fprintf
 .text._fwalk_sglue
                0x0000000008010ec0       0x3c C:/ST/STM32CubeIDE_1.11.0/STM32CubeIDE/plugins/com.st.stm32cube.ide.mcu.externaltools.gnu-tools-for-stm32.11.3.rel1.win32_1.1.0.202305231506/tools/bin/../lib/gcc/arm-none-eabi/11.3.1/../../../../arm-none-eabi/lib/thumb/v7e-m+fp/hard\libc_nano.a(libc_a-fwalk.o)
                0x0000000008010ec0                _fwalk_sglue
 .text.__sread  0x0000000008010efc       0x22 C:/ST/STM32CubeIDE_1.11.0/STM32CubeIDE/plugins/com.st.stm32cube.ide.mcu.externaltools.gnu-tools-for-stm32.11.3.rel1.win32_1.1.0.202305231506/tools/bin/../lib/gcc/arm-none-eabi/11.3.1/../../../../arm-none-eabi/lib/thumb/v7e-m+fp/hard\libc_nano.a(libc_a-stdio.o)
                0x0000000008010efc                __sread
 .text.__swrite
                0x0000000008010f1e       0x38 C:/ST/STM32CubeIDE_1.11.0/STM32CubeIDE/plugins/com.st.stm32cube.ide.mcu.externaltools.gnu-tools-for-stm32.11.3.rel1.win32_1.1.0.202305231506/tools/bin/../lib/gcc/arm-none-eabi/11.3.1/../../../../arm-none-eabi/lib/thumb/v7e-m+fp/hard\libc_nano.a(libc_a-stdio.o)
                0x0000000008010f1e                __swrite
 .text.__sseek  0x0000000008010f56       0x24 C:/ST/STM32CubeIDE_1.11.0/STM32CubeIDE/plugins/com.st.stm32cube.ide.mcu.externaltools.gnu-tools-for-stm32.11.3.rel1.win32_1.1.0.202305231506/tools/bin/../lib/gcc/arm-none-eabi/11.3.1/../../../../arm-none-eabi/lib/thumb/v7e-m+fp/hard\libc_nano.a(libc_a-stdio.o)
                0x0000000008010f56                __sseek
 .text.__sclose
                0x0000000008010f7a        0x8 C:/ST/STM32CubeIDE_1.11.0/STM32CubeIDE/plugins/com.st.stm32cube.ide.mcu.externaltools.gnu-tools-for-stm32.11.3.rel1.win32_1.1.0.202305231506/tools/bin/../lib/gcc/arm-none-eabi/11.3.1/../../../../arm-none-eabi/lib/thumb/v7e-m+fp/hard\libc_nano.a(libc_a-stdio.o)
                0x0000000008010f7a                __sclose
 .text.memset   0x0000000008010f82       0x10 C:/ST/STM32CubeIDE_1.11.0/STM32CubeIDE/plugins/com.st.stm32cube.ide.mcu.externaltools.gnu-tools-for-stm32.11.3.rel1.win32_1.1.0.202305231506/tools/bin/../lib/gcc/arm-none-eabi/11.3.1/../../../../arm-none-eabi/lib/thumb/v7e-m+fp/hard\libc_nano.a(libc_a-memset.o)
                0x0000000008010f82                memset
 *fill*         0x0000000008010f92        0x2 
 .text._close_r
                0x0000000008010f94       0x20 C:/ST/STM32CubeIDE_1.11.0/STM32CubeIDE/plugins/com.st.stm32cube.ide.mcu.externaltools.gnu-tools-for-stm32.11.3.rel1.win32_1.1.0.202305231506/tools/bin/../lib/gcc/arm-none-eabi/11.3.1/../../../../arm-none-eabi/lib/thumb/v7e-m+fp/hard\libc_nano.a(libc_a-closer.o)
                0x0000000008010f94                _close_r
 .text._lseek_r
                0x0000000008010fb4       0x24 C:/ST/STM32CubeIDE_1.11.0/STM32CubeIDE/plugins/com.st.stm32cube.ide.mcu.externaltools.gnu-tools-for-stm32.11.3.rel1.win32_1.1.0.202305231506/tools/bin/../lib/gcc/arm-none-eabi/11.3.1/../../../../arm-none-eabi/lib/thumb/v7e-m+fp/hard\libc_nano.a(libc_a-lseekr.o)
                0x0000000008010fb4                _lseek_r
 .text._read_r  0x0000000008010fd8       0x24 C:/ST/STM32CubeIDE_1.11.0/STM32CubeIDE/plugins/com.st.stm32cube.ide.mcu.externaltools.gnu-tools-for-stm32.11.3.rel1.win32_1.1.0.202305231506/tools/bin/../lib/gcc/arm-none-eabi/11.3.1/../../../../arm-none-eabi/lib/thumb/v7e-m+fp/hard\libc_nano.a(libc_a-readr.o)
                0x0000000008010fd8                _read_r
 .text._write_r
                0x0000000008010ffc       0x24 C:/ST/STM32CubeIDE_1.11.0/STM32CubeIDE/plugins/com.st.stm32cube.ide.mcu.externaltools.gnu-tools-for-stm32.11.3.rel1.win32_1.1.0.202305231506/tools/bin/../lib/gcc/arm-none-eabi/11.3.1/../../../../arm-none-eabi/lib/thumb/v7e-m+fp/hard\libc_nano.a(libc_a-writer.o)
                0x0000000008010ffc                _write_r
 .text.__errno  0x0000000008011020        0xc C:/ST/STM32CubeIDE_1.11.0/STM32CubeIDE/plugins/com.st.stm32cube.ide.mcu.externaltools.gnu-tools-for-stm32.11.3.rel1.win32_1.1.0.202305231506/tools/bin/../lib/gcc/arm-none-eabi/11.3.1/../../../../arm-none-eabi/lib/thumb/v7e-m+fp/hard\libc_nano.a(libc_a-errno.o)
                0x0000000008011020                __errno
 .text.__libc_init_array
                0x000000000801102c       0x48 C:/ST/STM32CubeIDE_1.11.0/STM32CubeIDE/plugins/com.st.stm32cube.ide.mcu.externaltools.gnu-tools-for-stm32.11.3.rel1.win32_1.1.0.202305231506/tools/bin/../lib/gcc/arm-none-eabi/11.3.1/../../../../arm-none-eabi/lib/thumb/v7e-m+fp/hard\libc_nano.a(libc_a-init.o)
                0x000000000801102c                __libc_init_array
 .text.__retarget_lock_acquire_recursive
                0x0000000008011074        0x2 C:/ST/STM32CubeIDE_1.11.0/STM32CubeIDE/plugins/com.st.stm32cube.ide.mcu.externaltools.gnu-tools-for-stm32.11.3.rel1.win32_1.1.0.202305231506/tools/bin/../lib/gcc/arm-none-eabi/11.3.1/../../../../arm-none-eabi/lib/thumb/v7e-m+fp/hard\libc_nano.a(libc_a-lock.o)
                0x0000000008011074                __retarget_lock_acquire_recursive
 .text.__retarget_lock_release_recursive
                0x0000000008011076        0x2 C:/ST/STM32CubeIDE_1.11.0/STM32CubeIDE/plugins/com.st.stm32cube.ide.mcu.externaltools.gnu-tools-for-stm32.11.3.rel1.win32_1.1.0.202305231506/tools/bin/../lib/gcc/arm-none-eabi/11.3.1/../../../../arm-none-eabi/lib/thumb/v7e-m+fp/hard\libc_nano.a(libc_a-lock.o)
                0x0000000008011076                __retarget_lock_release_recursive
 .text.strcpy   0x0000000008011078       0x10 C:/ST/STM32CubeIDE_1.11.0/STM32CubeIDE/plugins/com.st.stm32cube.ide.mcu.externaltools.gnu-tools-for-stm32.11.3.rel1.win32_1.1.0.202305231506/tools/bin/../lib/gcc/arm-none-eabi/11.3.1/../../../../arm-none-eabi/lib/thumb/v7e-m+fp/hard\libc_nano.a(libc_a-strcpy.o)
                0x0000000008011078                strcpy
 .text.memcpy   0x0000000008011088       0x1c C:/ST/STM32CubeIDE_1.11.0/STM32CubeIDE/plugins/com.st.stm32cube.ide.mcu.externaltools.gnu-tools-for-stm32.11.3.rel1.win32_1.1.0.202305231506/tools/bin/../lib/gcc/arm-none-eabi/11.3.1/../../../../arm-none-eabi/lib/thumb/v7e-m+fp/hard\libc_nano.a(libc_a-memcpy-stub.o)
                0x0000000008011088                memcpy
 .text.abort    0x00000000080110a4        0xe C:/ST/STM32CubeIDE_1.11.0/STM32CubeIDE/plugins/com.st.stm32cube.ide.mcu.externaltools.gnu-tools-for-stm32.11.3.rel1.win32_1.1.0.202305231506/tools/bin/../lib/gcc/arm-none-eabi/11.3.1/../../../../arm-none-eabi/lib/thumb/v7e-m+fp/hard\libc_nano.a(libc_a-abort.o)
                0x00000000080110a4                abort
 *fill*         0x00000000080110b2        0x2 
 .text._free_r  0x00000000080110b4       0x98 C:/ST/STM32CubeIDE_1.11.0/STM32CubeIDE/plugins/com.st.stm32cube.ide.mcu.externaltools.gnu-tools-for-stm32.11.3.rel1.win32_1.1.0.202305231506/tools/bin/../lib/gcc/arm-none-eabi/11.3.1/../../../../arm-none-eabi/lib/thumb/v7e-m+fp/hard\libc_nano.a(libc_a-freer.o)
                0x00000000080110b4                _free_r
 .text.sbrk_aligned
                0x000000000801114c       0x40 C:/ST/STM32CubeIDE_1.11.0/STM32CubeIDE/plugins/com.st.stm32cube.ide.mcu.externaltools.gnu-tools-for-stm32.11.3.rel1.win32_1.1.0.202305231506/tools/bin/../lib/gcc/arm-none-eabi/11.3.1/../../../../arm-none-eabi/lib/thumb/v7e-m+fp/hard\libc_nano.a(libc_a-mallocr.o)
 .text._malloc_r
                0x000000000801118c      0x100 C:/ST/STM32CubeIDE_1.11.0/STM32CubeIDE/plugins/com.st.stm32cube.ide.mcu.externaltools.gnu-tools-for-stm32.11.3.rel1.win32_1.1.0.202305231506/tools/bin/../lib/gcc/arm-none-eabi/11.3.1/../../../../arm-none-eabi/lib/thumb/v7e-m+fp/hard\libc_nano.a(libc_a-mallocr.o)
                0x000000000801118c                _malloc_r
 .text.__malloc_lock
                0x000000000801128c        0xc C:/ST/STM32CubeIDE_1.11.0/STM32CubeIDE/plugins/com.st.stm32cube.ide.mcu.externaltools.gnu-tools-for-stm32.11.3.rel1.win32_1.1.0.202305231506/tools/bin/../lib/gcc/arm-none-eabi/11.3.1/../../../../arm-none-eabi/lib/thumb/v7e-m+fp/hard\libc_nano.a(libc_a-mlock.o)
                0x000000000801128c                __malloc_lock
 .text.__malloc_unlock
                0x0000000008011298        0xc C:/ST/STM32CubeIDE_1.11.0/STM32CubeIDE/plugins/com.st.stm32cube.ide.mcu.externaltools.gnu-tools-for-stm32.11.3.rel1.win32_1.1.0.202305231506/tools/bin/../lib/gcc/arm-none-eabi/11.3.1/../../../../arm-none-eabi/lib/thumb/v7e-m+fp/hard\libc_nano.a(libc_a-mlock.o)
                0x0000000008011298                __malloc_unlock
 .text.__sfputc_r
                0x00000000080112a4       0x2e C:/ST/STM32CubeIDE_1.11.0/STM32CubeIDE/plugins/com.st.stm32cube.ide.mcu.externaltools.gnu-tools-for-stm32.11.3.rel1.win32_1.1.0.202305231506/tools/bin/../lib/gcc/arm-none-eabi/11.3.1/../../../../arm-none-eabi/lib/thumb/v7e-m+fp/hard\libc_nano.a(libc_a-nano-vfprintf.o)
 .text.__sfputs_r
                0x00000000080112d2       0x24 C:/ST/STM32CubeIDE_1.11.0/STM32CubeIDE/plugins/com.st.stm32cube.ide.mcu.externaltools.gnu-tools-for-stm32.11.3.rel1.win32_1.1.0.202305231506/tools/bin/../lib/gcc/arm-none-eabi/11.3.1/../../../../arm-none-eabi/lib/thumb/v7e-m+fp/hard\libc_nano.a(libc_a-nano-vfprintf.o)
                0x00000000080112d2                __sfputs_r
 *fill*         0x00000000080112f6        0x2 
 .text._vfprintf_r
                0x00000000080112f8      0x234 C:/ST/STM32CubeIDE_1.11.0/STM32CubeIDE/plugins/com.st.stm32cube.ide.mcu.externaltools.gnu-tools-for-stm32.11.3.rel1.win32_1.1.0.202305231506/tools/bin/../lib/gcc/arm-none-eabi/11.3.1/../../../../arm-none-eabi/lib/thumb/v7e-m+fp/hard\libc_nano.a(libc_a-nano-vfprintf.o)
                0x00000000080112f8                _vfprintf_r
                0x00000000080112f8                _vfiprintf_r
 .text._printf_common
                0x000000000801152c       0xda C:/ST/STM32CubeIDE_1.11.0/STM32CubeIDE/plugins/com.st.stm32cube.ide.mcu.externaltools.gnu-tools-for-stm32.11.3.rel1.win32_1.1.0.202305231506/tools/bin/../lib/gcc/arm-none-eabi/11.3.1/../../../../arm-none-eabi/lib/thumb/v7e-m+fp/hard\libc_nano.a(libc_a-nano-vfprintf_i.o)
                0x000000000801152c                _printf_common
 *fill*         0x0000000008011606        0x2 
 .text._printf_i
                0x0000000008011608      0x244 C:/ST/STM32CubeIDE_1.11.0/STM32CubeIDE/plugins/com.st.stm32cube.ide.mcu.externaltools.gnu-tools-for-stm32.11.3.rel1.win32_1.1.0.202305231506/tools/bin/../lib/gcc/arm-none-eabi/11.3.1/../../../../arm-none-eabi/lib/thumb/v7e-m+fp/hard\libc_nano.a(libc_a-nano-vfprintf_i.o)
                0x0000000008011608                _printf_i
 .text.__sflush_r
                0x000000000801184c      0x10c C:/ST/STM32CubeIDE_1.11.0/STM32CubeIDE/plugins/com.st.stm32cube.ide.mcu.externaltools.gnu-tools-for-stm32.11.3.rel1.win32_1.1.0.202305231506/tools/bin/../lib/gcc/arm-none-eabi/11.3.1/../../../../arm-none-eabi/lib/thumb/v7e-m+fp/hard\libc_nano.a(libc_a-fflush.o)
                0x000000000801184c                __sflush_r
 .text._fflush_r
                0x0000000008011958       0x50 C:/ST/STM32CubeIDE_1.11.0/STM32CubeIDE/plugins/com.st.stm32cube.ide.mcu.externaltools.gnu-tools-for-stm32.11.3.rel1.win32_1.1.0.202305231506/tools/bin/../lib/gcc/arm-none-eabi/11.3.1/../../../../arm-none-eabi/lib/thumb/v7e-m+fp/hard\libc_nano.a(libc_a-fflush.o)
                0x0000000008011958                _fflush_r
 .text.__swbuf_r
                0x00000000080119a8       0x7a C:/ST/STM32CubeIDE_1.11.0/STM32CubeIDE/plugins/com.st.stm32cube.ide.mcu.externaltools.gnu-tools-for-stm32.11.3.rel1.win32_1.1.0.202305231506/tools/bin/../lib/gcc/arm-none-eabi/11.3.1/../../../../arm-none-eabi/lib/thumb/v7e-m+fp/hard\libc_nano.a(libc_a-wbuf.o)
                0x00000000080119a8                __swbuf_r
 *fill*         0x0000000008011a22        0x2 
 .text.__swsetup_r
                0x0000000008011a24       0xb0 C:/ST/STM32CubeIDE_1.11.0/STM32CubeIDE/plugins/com.st.stm32cube.ide.mcu.externaltools.gnu-tools-for-stm32.11.3.rel1.win32_1.1.0.202305231506/tools/bin/../lib/gcc/arm-none-eabi/11.3.1/../../../../arm-none-eabi/lib/thumb/v7e-m+fp/hard\libc_nano.a(libc_a-wsetup.o)
                0x0000000008011a24                __swsetup_r
 .text._raise_r
                0x0000000008011ad4       0x50 C:/ST/STM32CubeIDE_1.11.0/STM32CubeIDE/plugins/com.st.stm32cube.ide.mcu.externaltools.gnu-tools-for-stm32.11.3.rel1.win32_1.1.0.202305231506/tools/bin/../lib/gcc/arm-none-eabi/11.3.1/../../../../arm-none-eabi/lib/thumb/v7e-m+fp/hard\libc_nano.a(libc_a-signal.o)
                0x0000000008011ad4                _raise_r
 .text.raise    0x0000000008011b24       0x10 C:/ST/STM32CubeIDE_1.11.0/STM32CubeIDE/plugins/com.st.stm32cube.ide.mcu.externaltools.gnu-tools-for-stm32.11.3.rel1.win32_1.1.0.202305231506/tools/bin/../lib/gcc/arm-none-eabi/11.3.1/../../../../arm-none-eabi/lib/thumb/v7e-m+fp/hard\libc_nano.a(libc_a-signal.o)
                0x0000000008011b24                raise
 .text._kill_r  0x0000000008011b34       0x24 C:/ST/STM32CubeIDE_1.11.0/STM32CubeIDE/plugins/com.st.stm32cube.ide.mcu.externaltools.gnu-tools-for-stm32.11.3.rel1.win32_1.1.0.202305231506/tools/bin/../lib/gcc/arm-none-eabi/11.3.1/../../../../arm-none-eabi/lib/thumb/v7e-m+fp/hard\libc_nano.a(libc_a-signalr.o)
                0x0000000008011b34                _kill_r
 .text._getpid_r
                0x0000000008011b58        0x4 C:/ST/STM32CubeIDE_1.11.0/STM32CubeIDE/plugins/com.st.stm32cube.ide.mcu.externaltools.gnu-tools-for-stm32.11.3.rel1.win32_1.1.0.202305231506/tools/bin/../lib/gcc/arm-none-eabi/11.3.1/../../../../arm-none-eabi/lib/thumb/v7e-m+fp/hard\libc_nano.a(libc_a-signalr.o)
                0x0000000008011b58                _getpid_r
 .text._sbrk_r  0x0000000008011b5c       0x20 C:/ST/STM32CubeIDE_1.11.0/STM32CubeIDE/plugins/com.st.stm32cube.ide.mcu.externaltools.gnu-tools-for-stm32.11.3.rel1.win32_1.1.0.202305231506/tools/bin/../lib/gcc/arm-none-eabi/11.3.1/../../../../arm-none-eabi/lib/thumb/v7e-m+fp/hard\libc_nano.a(libc_a-sbrkr.o)
                0x0000000008011b5c                _sbrk_r
 .text.__swhatbuf_r
                0x0000000008011b7c       0x4c C:/ST/STM32CubeIDE_1.11.0/STM32CubeIDE/plugins/com.st.stm32cube.ide.mcu.externaltools.gnu-tools-for-stm32.11.3.rel1.win32_1.1.0.202305231506/tools/bin/../lib/gcc/arm-none-eabi/11.3.1/../../../../arm-none-eabi/lib/thumb/v7e-m+fp/hard\libc_nano.a(libc_a-makebuf.o)
                0x0000000008011b7c                __swhatbuf_r
 .text.__smakebuf_r
                0x0000000008011bc8       0x78 C:/ST/STM32CubeIDE_1.11.0/STM32CubeIDE/plugins/com.st.stm32cube.ide.mcu.externaltools.gnu-tools-for-stm32.11.3.rel1.win32_1.1.0.202305231506/tools/bin/../lib/gcc/arm-none-eabi/11.3.1/../../../../arm-none-eabi/lib/thumb/v7e-m+fp/hard\libc_nano.a(libc_a-makebuf.o)
                0x0000000008011bc8                __smakebuf_r
 .text._fstat_r
                0x0000000008011c40       0x24 C:/ST/STM32CubeIDE_1.11.0/STM32CubeIDE/plugins/com.st.stm32cube.ide.mcu.externaltools.gnu-tools-for-stm32.11.3.rel1.win32_1.1.0.202305231506/tools/bin/../lib/gcc/arm-none-eabi/11.3.1/../../../../arm-none-eabi/lib/thumb/v7e-m+fp/hard\libc_nano.a(libc_a-fstatr.o)
                0x0000000008011c40                _fstat_r
 .text._isatty_r
                0x0000000008011c64       0x20 C:/ST/STM32CubeIDE_1.11.0/STM32CubeIDE/plugins/com.st.stm32cube.ide.mcu.externaltools.gnu-tools-for-stm32.11.3.rel1.win32_1.1.0.202305231506/tools/bin/../lib/gcc/arm-none-eabi/11.3.1/../../../../arm-none-eabi/lib/thumb/v7e-m+fp/hard\libc_nano.a(libc_a-isattyr.o)
                0x0000000008011c64                _isatty_r
 .text.acos     0x0000000008011c84       0x68 C:/ST/STM32CubeIDE_1.11.0/STM32CubeIDE/plugins/com.st.stm32cube.ide.mcu.externaltools.gnu-tools-for-stm32.11.3.rel1.win32_1.1.0.202305231506/tools/bin/../lib/gcc/arm-none-eabi/11.3.1/../../../../arm-none-eabi/lib/thumb/v7e-m+fp/hard\libm.a(libm_a-w_acos.o)
                0x0000000008011c84                acos
 .text.pow      0x0000000008011cec       0xe0 C:/ST/STM32CubeIDE_1.11.0/STM32CubeIDE/plugins/com.st.stm32cube.ide.mcu.externaltools.gnu-tools-for-stm32.11.3.rel1.win32_1.1.0.202305231506/tools/bin/../lib/gcc/arm-none-eabi/11.3.1/../../../../arm-none-eabi/lib/thumb/v7e-m+fp/hard\libm.a(libm_a-w_pow.o)
                0x0000000008011cec                pow
 *fill*         0x0000000008011dcc        0x4 
 .text.atan     0x0000000008011dd0      0x340 C:/ST/STM32CubeIDE_1.11.0/STM32CubeIDE/plugins/com.st.stm32cube.ide.mcu.externaltools.gnu-tools-for-stm32.11.3.rel1.win32_1.1.0.202305231506/tools/bin/../lib/gcc/arm-none-eabi/11.3.1/../../../../arm-none-eabi/lib/thumb/v7e-m+fp/hard\libm.a(libm_a-s_atan.o)
                0x0000000008011dd0                atan
 .text.fabs     0x0000000008012110       0x12 C:/ST/STM32CubeIDE_1.11.0/STM32CubeIDE/plugins/com.st.stm32cube.ide.mcu.externaltools.gnu-tools-for-stm32.11.3.rel1.win32_1.1.0.202305231506/tools/bin/../lib/gcc/arm-none-eabi/11.3.1/../../../../arm-none-eabi/lib/thumb/v7e-m+fp/hard\libm.a(libm_a-s_fabs.o)
                0x0000000008012110                fabs
 .text.powf     0x0000000008012122       0xae C:/ST/STM32CubeIDE_1.11.0/STM32CubeIDE/plugins/com.st.stm32cube.ide.mcu.externaltools.gnu-tools-for-stm32.11.3.rel1.win32_1.1.0.202305231506/tools/bin/../lib/gcc/arm-none-eabi/11.3.1/../../../../arm-none-eabi/lib/thumb/v7e-m+fp/hard\libm.a(libm_a-wf_pow.o)
                0x0000000008012122                powf
 .text.sqrtf    0x00000000080121d0       0x3c C:/ST/STM32CubeIDE_1.11.0/STM32CubeIDE/plugins/com.st.stm32cube.ide.mcu.externaltools.gnu-tools-for-stm32.11.3.rel1.win32_1.1.0.202305231506/tools/bin/../lib/gcc/arm-none-eabi/11.3.1/../../../../arm-none-eabi/lib/thumb/v7e-m+fp/hard\libm.a(libm_a-wf_sqrt.o)
                0x00000000080121d0                sqrtf
 .text.sinf     0x000000000801220c       0x8c C:/ST/STM32CubeIDE_1.11.0/STM32CubeIDE/plugins/com.st.stm32cube.ide.mcu.externaltools.gnu-tools-for-stm32.11.3.rel1.win32_1.1.0.202305231506/tools/bin/../lib/gcc/arm-none-eabi/11.3.1/../../../../arm-none-eabi/lib/thumb/v7e-m+fp/hard\libm.a(libm_a-sf_sin.o)
                0x000000000801220c                sinf