../Core/Inc/Audio_Player.h:42:6:initAudio	16	static
../Core/Inc/Audio_Player.h:48:6:loadAudioFiles	112	static
../Core/Inc/Audio_Player.h:71:6:playAudio	32	static
../Core/Inc/servo_adc_read.h:34:6:servoReaderStart	16	static
../Core/Inc/servo_adc_read.h:40:10:getADCValue	16	static
../Core/Inc/servo_adc_read.h:49:6:updateAngles	24	static
../Core/Inc/servo_adc_read.h:56:8:getAngleValue	16	static
../Core/Inc/servo_adc_read.h:64:8:getBatteryVoltage	16	static
../Core/Inc/servo_pid_set.h:100:6:updateAnglesArray	24	static
../Core/Inc/servo_pid_set.h:107:6:updateSetpointsArray	24	static
../Core/Inc/servo_pid_set.h:114:6:updateOutputsArray	24	static
../Core/Inc/servo_pid_set.h:120:6:initFilteredOutputArray	24	static
../Core/Inc/servo_pid_set.h:129:9:pidInit	136	static
../Core/Inc/servo_pid_set.h:232:6:updateServo	136	static
../Core/Inc/inverse_kinematics.h:30:6:inverse_kinematics	72	static
../Core/Inc/inverse_kinematics.h:83:6:setDesiredPosition	24	static
../Core/Inc/inverse_kinematics.h:93:6:updateLeg	16	static
../Core/Inc/interaction_timer.h:34:6:interactUpdate	16	static
../Core/Inc/interaction_timer.h:40:9:checkIfSad	40	static
../Core/Inc/uart_receiver.h:19:19:receive_normal_data	32	static
../Core/Inc/uart_receiver.h:34:19:receive_photo	24	static
../Core/Inc/state_controller.h:95:6:determineMultimediaState	16	static
../Core/Inc/state_controller.h:143:6:determineMovementState	16	static
../Core/Inc/state_controller.h:174:6:updateCTouch	16	static
../Core/Inc/state_controller.h:182:6:updateBatteryVoltage	16	static
../Core/Inc/watchdog_function.h:15:6:watchdog_init	88	static
../Core/Inc/watchdog_function.h:45:6:watchdogTrigger	24	static
../Core/Inc/movement_controller.h:77:6:updateMovements	40	static
../Core/Inc/movement_controller.h:140:6:computeStanding	24	static
../Core/Inc/face_controller.h:28:6:updateFace	24	static
../Core/Src/main.c:124:5:main	3120	static
../Core/Src/main.c:381:6:SystemClock_Config	88	static
../Core/Src/main.c:429:13:MX_ADC1_Init	24	static
../Core/Src/main.c:598:13:MX_ADC2_Init	24	static
../Core/Src/main.c:650:13:MX_DAC_Init	16	static
../Core/Src/main.c:690:13:MX_I2C1_Init	8	static
../Core/Src/main.c:724:13:MX_RTC_Init	32	static
../Core/Src/main.c:787:13:MX_SDIO_SD_Init	4	static
../Core/Src/main.c:815:13:MX_TIM4_Init	32	static
../Core/Src/main.c:860:13:MX_USART6_UART_Init	8	static
../Core/Src/main.c:893:13:MX_DMA_Init	16	static
../Core/Src/main.c:943:13:MX_GPIO_Init	64	static
../Core/Src/main.c:996:13:MX_FSMC_Init	40	static
../Core/Src/main.c:1090:6:Error_Handler	4	static,ignoring_inline_asm
